#
# There is insufficient memory for the Java Runtime Environment to continue.
# Native memory allocation (malloc) failed to allocate 32744 bytes. Error detail: Chunk::new
# Possible reasons:
#   The system is out of physical RAM or swap space
#   This process is running with CompressedOops enabled, and the Java Heap may be blocking the growth of the native heap
# Possible solutions:
#   Reduce memory load on the system
#   Increase physical memory or swap space
#   Check if swap backing store is full
#   Decrease Java heap size (-Xmx/-Xms)
#   Decrease number of Java threads
#   Decrease Java thread stack sizes (-Xss)
#   Set larger code cache with -XX:ReservedCodeCacheSize=
#   JVM is running with Unscaled Compressed Oops mode in which the Java heap is
#     placed in the first 4GB address space. The Java Heap base address is the
#     maximum limit for the native heap growth. Please use -XX:HeapBaseMinAddress
#     to set the Java Heap base and to place the Java Heap above 4GB virtual address.
# This output file may be truncated or incomplete.
#
#  Out of Memory Error (arena.cpp:168), pid=26872, tid=13240
#
# JRE version: OpenJDK Runtime Environment Temurin-21.0.7+6 (21.0.7+6) (build 21.0.7+6-LTS)
# Java VM: OpenJDK 64-Bit Server VM Temurin-21.0.7+6 (21.0.7+6-LTS, mixed mode, sharing, tiered, compressed oops, compressed class ptrs, parallel gc, windows-amd64)
# No core dump will be written. Minidumps are not enabled by default on client versions of Windows
#

---------------  S U M M A R Y ------------

Command Line: --add-modules=ALL-SYSTEM --add-opens=java.base/java.util=ALL-UNNAMED --add-opens=java.base/java.lang=ALL-UNNAMED --add-opens=java.base/sun.nio.fs=ALL-UNNAMED -Declipse.application=org.eclipse.jdt.ls.core.id1 -Dosgi.bundles.defaultStartLevel=4 -Declipse.product=org.eclipse.jdt.ls.core.product -Djava.import.generatesMetadataFilesAtProjectRoot=false -DDetectVMInstallationsJob.disabled=true -Dfile.encoding=utf8 -XX:+UseParallelGC -XX:GCTimeRatio=4 -XX:AdaptiveSizePolicyWeight=90 -Dsun.zip.disableMemoryMapping=true -Xmx2G -Xms100m -Xlog:disable -javaagent:c:\Users\Lenovo LOQ\.vscode\extensions\redhat.java-1.43.0-win32-x64\lombok\lombok-1.18.39-4050.jar -XX:+HeapDumpOnOutOfMemoryError -XX:HeapDumpPath=c:\Users\Lenovo LOQ\AppData\Roaming\Code\User\workspaceStorage\8fe6355519fff23ece827eceb3ee8db0\redhat.java -Daether.dependencyCollector.impl=bf c:\Users\Lenovo LOQ\.vscode\extensions\redhat.java-1.43.0-win32-x64\server\plugins\org.eclipse.equinox.launcher_1.7.0.v20250519-0528.jar -configuration c:\Users\Lenovo LOQ\AppData\Roaming\Code\User\globalStorage\redhat.java\1.43.0\config_win -data c:\Users\Lenovo LOQ\AppData\Roaming\Code\User\workspaceStorage\8fe6355519fff23ece827eceb3ee8db0\redhat.java\jdt_ws --pipe=\\.\pipe\lsp-8511cdeafd4c1cd6e738fbe8fdfa24e5-sock

Host: 12th Gen Intel(R) Core(TM) i5-12450HX, 12 cores, 15G,  Windows 11 , 64 bit Build 26100 (10.0.26100.5670)
Time: Sat Jul  5 01:46:16 2025 Türkiye Standart Saati elapsed time: 74.050215 seconds (0d 0h 1m 14s)

---------------  T H R E A D  ---------------

Current thread (0x0000023567711d40):  JavaThread "C2 CompilerThread2" daemon [_thread_in_native, id=13240, stack(0x000000e11af00000,0x000000e11b000000) (1024K)]


Current CompileTask:
C2:74050 7631       4       org.eclipse.osgi.container.ModuleDatabase$Persistence::addMap (289 bytes)

Stack: [0x000000e11af00000,0x000000e11b000000]
Native frames: (J=compiled Java code, j=interpreted, Vv=VM code, C=native code)
V  [jvm.dll+0x6ce119]
V  [jvm.dll+0x8a84a1]
V  [jvm.dll+0x8aa9ce]
V  [jvm.dll+0x8ab0b3]
V  [jvm.dll+0x27f8a6]
V  [jvm.dll+0xc507d]
V  [jvm.dll+0xc55b3]
V  [jvm.dll+0x2081d1]
V  [jvm.dll+0x20918c]
V  [jvm.dll+0x20860e]
V  [jvm.dll+0x1f2d90]
V  [jvm.dll+0x14676e]
V  [jvm.dll+0x2efe2a]
V  [jvm.dll+0x2f1e00]
V  [jvm.dll+0x6e8562]
V  [jvm.dll+0x6e0553]
V  [jvm.dll+0x6dfc6e]
V  [jvm.dll+0x6ddd5c]
V  [jvm.dll+0x1ca64c]
V  [jvm.dll+0x1cb1cc]
V  [jvm.dll+0x2f1e7c]
V  [jvm.dll+0x6e8562]
V  [jvm.dll+0x6e0553]
V  [jvm.dll+0x6dfc6e]
V  [jvm.dll+0x6ddd5c]
V  [jvm.dll+0x1ca64c]
V  [jvm.dll+0x1cb1cc]
V  [jvm.dll+0x1cb1cc]
V  [jvm.dll+0x1cb10e]
V  [jvm.dll+0x2f1e7c]
V  [jvm.dll+0x6e8562]
V  [jvm.dll+0x6e0553]
V  [jvm.dll+0x6dfc6e]
V  [jvm.dll+0x6ddd5c]
V  [jvm.dll+0x1ca64c]
V  [jvm.dll+0x1cb1cc]
V  [jvm.dll+0x1cb1cc]
V  [jvm.dll+0x2f1e7c]
V  [jvm.dll+0x6e8562]
V  [jvm.dll+0x6e0553]
V  [jvm.dll+0x6dfc6e]
V  [jvm.dll+0x6ddd5c]
V  [jvm.dll+0x1ca64c]
V  [jvm.dll+0x246c3e]
V  [jvm.dll+0x1c760e]
V  [jvm.dll+0x25695a]
V  [jvm.dll+0x254efa]
V  [jvm.dll+0x3f03f6]
V  [jvm.dll+0x851f6b]
V  [jvm.dll+0x6cc7dd]
C  [ucrtbase.dll+0x37b0]
C  [KERNEL32.DLL+0x2e8d7]
C  [ntdll.dll+0x128dc]


---------------  P R O C E S S  ---------------

Threads class SMR info:
_java_thread_list=0x000002356ad57ca0, length=47, elements={
0x000002350686ce30, 0x0000023508d0c3f0, 0x0000023508c06800, 0x0000023508c0a900,
0x0000023508c0b350, 0x0000023508c0bda0, 0x0000023508c0c7f0, 0x0000023508c0d620,
0x0000023561a15c60, 0x000002350692c310, 0x0000023561ce43b0, 0x000002356746bcd0,
0x000002356785c040, 0x00000235677fe640, 0x0000023567522cb0, 0x0000023567b185b0,
0x0000023567b192d0, 0x0000023567b18c40, 0x0000023567b19960, 0x0000023567b1ad10,
0x0000023567b19ff0, 0x0000023567b1a680, 0x0000023567b17890, 0x00000235682a9ca0,
0x00000235682aa330, 0x00000235682aa9c0, 0x00000235682a8f80, 0x00000235682ab050,
0x00000235682ab6e0, 0x00000235682abd70, 0x00000235682aca90, 0x00000235682a9610,
0x00000235682ade40, 0x00000235682ad120, 0x00000235682aeb60, 0x00000235682ae4d0,
0x00000235682b05a0, 0x00000235682af1f0, 0x00000235682af880, 0x00000235682aff10,
0x0000023569669340, 0x0000023567b045e0, 0x0000023567b04c70, 0x0000023567b05300,
0x0000023567b05990, 0x0000023568d49730, 0x0000023567711d40
}

Java Threads: ( => current thread )
  0x000002350686ce30 JavaThread "main"                              [_thread_blocked, id=20164, stack(0x000000e117900000,0x000000e117a00000) (1024K)]
  0x0000023508d0c3f0 JavaThread "Reference Handler"          daemon [_thread_blocked, id=17516, stack(0x000000e117d00000,0x000000e117e00000) (1024K)]
  0x0000023508c06800 JavaThread "Finalizer"                  daemon [_thread_blocked, id=30968, stack(0x000000e117e00000,0x000000e117f00000) (1024K)]
  0x0000023508c0a900 JavaThread "Signal Dispatcher"          daemon [_thread_blocked, id=16668, stack(0x000000e117f00000,0x000000e118000000) (1024K)]
  0x0000023508c0b350 JavaThread "Attach Listener"            daemon [_thread_blocked, id=17588, stack(0x000000e118000000,0x000000e118100000) (1024K)]
  0x0000023508c0bda0 JavaThread "Service Thread"             daemon [_thread_blocked, id=14080, stack(0x000000e118100000,0x000000e118200000) (1024K)]
  0x0000023508c0c7f0 JavaThread "Monitor Deflation Thread"   daemon [_thread_blocked, id=30620, stack(0x000000e118200000,0x000000e118300000) (1024K)]
  0x0000023508c0d620 JavaThread "C2 CompilerThread0"         daemon [_thread_blocked, id=12212, stack(0x000000e118300000,0x000000e118400000) (1024K)]
  0x0000023561a15c60 JavaThread "C1 CompilerThread0"         daemon [_thread_blocked, id=25124, stack(0x000000e118400000,0x000000e118500000) (1024K)]
  0x000002350692c310 JavaThread "Common-Cleaner"             daemon [_thread_blocked, id=31632, stack(0x000000e118500000,0x000000e118600000) (1024K)]
  0x0000023561ce43b0 JavaThread "Notification Thread"        daemon [_thread_blocked, id=11144, stack(0x000000e118600000,0x000000e118700000) (1024K)]
  0x000002356746bcd0 JavaThread "Active Thread: Equinox Container: 1590db22-98b6-4a95-b1f4-8180755e6270"        [_thread_blocked, id=736, stack(0x000000e119400000,0x000000e119500000) (1024K)]
  0x000002356785c040 JavaThread "Framework Event Dispatcher: Equinox Container: 1590db22-98b6-4a95-b1f4-8180755e6270" daemon [_thread_blocked, id=21272, stack(0x000000e118700000,0x000000e118800000) (1024K)]
  0x00000235677fe640 JavaThread "Start Level: Equinox Container: 1590db22-98b6-4a95-b1f4-8180755e6270" daemon [_thread_blocked, id=31696, stack(0x000000e118f00000,0x000000e119000000) (1024K)]
  0x0000023567522cb0 JavaThread "Refresh Thread: Equinox Container: 1590db22-98b6-4a95-b1f4-8180755e6270" daemon [_thread_blocked, id=10840, stack(0x000000e119000000,0x000000e119100000) (1024K)]
  0x0000023567b185b0 JavaThread "Bundle File Closer"         daemon [_thread_blocked, id=17996, stack(0x000000e119100000,0x000000e119200000) (1024K)]
  0x0000023567b192d0 JavaThread "SCR Component Actor"        daemon [_thread_blocked, id=23404, stack(0x000000e119200000,0x000000e119300000) (1024K)]
  0x0000023567b18c40 JavaThread "Worker-JM"                         [_thread_blocked, id=23824, stack(0x000000e119500000,0x000000e119600000) (1024K)]
  0x0000023567b19960 JavaThread "Worker-0"                          [_thread_blocked, id=13928, stack(0x000000e119600000,0x000000e119700000) (1024K)]
  0x0000023567b1ad10 JavaThread "Worker-1"                          [_thread_blocked, id=14896, stack(0x000000e119700000,0x000000e119800000) (1024K)]
  0x0000023567b19ff0 JavaThread "Worker-2"                          [_thread_blocked, id=3992, stack(0x000000e119a00000,0x000000e119b00000) (1024K)]
  0x0000023567b1a680 JavaThread "Worker-3"                          [_thread_blocked, id=18224, stack(0x000000e119900000,0x000000e119a00000) (1024K)]
  0x0000023567b17890 JavaThread "Java indexing"              daemon [_thread_blocked, id=26448, stack(0x000000e119b00000,0x000000e119c00000) (1024K)]
  0x00000235682a9ca0 JavaThread "JNA Cleaner"                daemon [_thread_blocked, id=3952, stack(0x000000e117700000,0x000000e117800000) (1024K)]
  0x00000235682aa330 JavaThread "Thread-2"                   daemon [_thread_in_native, id=28416, stack(0x000000e119f00000,0x000000e11a000000) (1024K)]
  0x00000235682aa9c0 JavaThread "Thread-3"                   daemon [_thread_in_native, id=24160, stack(0x000000e11a200000,0x000000e11a300000) (1024K)]
  0x00000235682a8f80 JavaThread "Thread-4"                   daemon [_thread_in_native, id=11524, stack(0x000000e11a300000,0x000000e11a400000) (1024K)]
  0x00000235682ab050 JavaThread "Thread-5"                   daemon [_thread_in_native, id=33412, stack(0x000000e11a400000,0x000000e11a500000) (1024K)]
  0x00000235682ab6e0 JavaThread "Thread-6"                   daemon [_thread_in_native, id=23792, stack(0x000000e11a500000,0x000000e11a600000) (1024K)]
  0x00000235682abd70 JavaThread "Thread-7"                   daemon [_thread_in_native, id=32960, stack(0x000000e11a600000,0x000000e11a700000) (1024K)]
  0x00000235682aca90 JavaThread "Thread-8"                   daemon [_thread_in_native, id=10876, stack(0x000000e11a700000,0x000000e11a800000) (1024K)]
  0x00000235682a9610 JavaThread "Thread-9"                   daemon [_thread_in_native, id=33676, stack(0x000000e11a800000,0x000000e11a900000) (1024K)]
  0x00000235682ade40 JavaThread "Thread-10"                  daemon [_thread_in_native, id=26000, stack(0x000000e11a900000,0x000000e11aa00000) (1024K)]
  0x00000235682ad120 JavaThread "Thread-11"                  daemon [_thread_in_native, id=15692, stack(0x000000e11aa00000,0x000000e11ab00000) (1024K)]
  0x00000235682aeb60 JavaThread "Thread-12"                  daemon [_thread_in_native, id=28304, stack(0x000000e11ab00000,0x000000e11ac00000) (1024K)]
  0x00000235682ae4d0 JavaThread "Thread-13"                  daemon [_thread_in_native, id=33732, stack(0x000000e11ac00000,0x000000e11ad00000) (1024K)]
  0x00000235682b05a0 JavaThread "Thread-14"                  daemon [_thread_in_native, id=28340, stack(0x000000e11ad00000,0x000000e11ae00000) (1024K)]
  0x00000235682af1f0 JavaThread "pool-2-thread-1"                   [_thread_blocked, id=10092, stack(0x000000e11ae00000,0x000000e11af00000) (1024K)]
  0x00000235682af880 JavaThread "WorkspaceEventsHandler"            [_thread_blocked, id=27580, stack(0x000000e11b000000,0x000000e11b100000) (1024K)]
  0x00000235682aff10 JavaThread "pool-1-thread-1"                   [_thread_blocked, id=15092, stack(0x000000e11b100000,0x000000e11b200000) (1024K)]
  0x0000023569669340 JavaThread "Worker-4"                          [_thread_blocked, id=19928, stack(0x000000e11b400000,0x000000e11b500000) (1024K)]
  0x0000023567b045e0 JavaThread "ForkJoinPool.commonPool-worker-1" daemon [_thread_blocked, id=19896, stack(0x000000e11bd00000,0x000000e11be00000) (1024K)]
  0x0000023567b04c70 JavaThread "ForkJoinPool.commonPool-worker-2" daemon [_thread_blocked, id=22264, stack(0x000000e11be00000,0x000000e11bf00000) (1024K)]
  0x0000023567b05300 JavaThread "ForkJoinPool.commonPool-worker-3" daemon [_thread_blocked, id=29276, stack(0x000000e11bf00000,0x000000e11c000000) (1024K)]
  0x0000023567b05990 JavaThread "ForkJoinPool.commonPool-worker-4" daemon [_thread_blocked, id=20084, stack(0x000000e11c000000,0x000000e11c100000) (1024K)]
  0x0000023568d49730 JavaThread "C2 CompilerThread1"         daemon [_thread_blocked, id=29232, stack(0x000000e119e00000,0x000000e119f00000) (1024K)]
=>0x0000023567711d40 JavaThread "C2 CompilerThread2"         daemon [_thread_in_native, id=13240, stack(0x000000e11af00000,0x000000e11b000000) (1024K)]
Total: 47

Other Threads:
  0x0000023508bf49d0 VMThread "VM Thread"                           [id=18940, stack(0x000000e117c00000,0x000000e117d00000) (1024K)]
  0x0000023508cd6d50 WatcherThread "VM Periodic Task Thread"        [id=14704, stack(0x000000e117b00000,0x000000e117c00000) (1024K)]
  0x0000023508c879e0 WorkerThread "GC Thread#0"                     [id=23804, stack(0x000000e117a00000,0x000000e117b00000) (1024K)]
  0x0000023567353540 WorkerThread "GC Thread#1"                     [id=29344, stack(0x000000e118800000,0x000000e118900000) (1024K)]
  0x00000235672f4520 WorkerThread "GC Thread#2"                     [id=23596, stack(0x000000e118900000,0x000000e118a00000) (1024K)]
  0x00000235673538e0 WorkerThread "GC Thread#3"                     [id=33096, stack(0x000000e118a00000,0x000000e118b00000) (1024K)]
  0x0000023567715d10 WorkerThread "GC Thread#4"                     [id=19840, stack(0x000000e118b00000,0x000000e118c00000) (1024K)]
  0x00000235675fce10 WorkerThread "GC Thread#5"                     [id=29540, stack(0x000000e118c00000,0x000000e118d00000) (1024K)]
  0x00000235675fd1b0 WorkerThread "GC Thread#6"                     [id=10000, stack(0x000000e118d00000,0x000000e118e00000) (1024K)]
  0x0000023567615f30 WorkerThread "GC Thread#7"                     [id=15716, stack(0x000000e118e00000,0x000000e118f00000) (1024K)]
  0x0000023567970f20 WorkerThread "GC Thread#8"                     [id=26684, stack(0x000000e11a000000,0x000000e11a100000) (1024K)]
  0x00000235679724e0 WorkerThread "GC Thread#9"                     [id=29560, stack(0x000000e11a100000,0x000000e11a200000) (1024K)]
Total: 12

Threads with active compile tasks:
C2 CompilerThread2  74254 7631       4       org.eclipse.osgi.container.ModuleDatabase$Persistence::addMap (289 bytes)
Total: 1

VM state: not at safepoint (normal execution)

VM Mutex/Monitor currently owned by a thread: None

Heap address: 0x0000000080000000, size: 2048 MB, Compressed Oops mode: 32-bit

CDS archive(s) mapped at: [0x0000023520000000-0x0000023520ba0000-0x0000023520ba0000), size 12189696, SharedBaseAddress: 0x0000023520000000, ArchiveRelocationMode: 1.
Compressed class space mapped at: 0x0000023521000000-0x0000023561000000, reserved size: 1073741824
Narrow klass base: 0x0000023520000000, Narrow klass shift: 0, Narrow klass range: 0x100000000

GC Precious Log:
 CardTable entry size: 512
 CPUs: 12 total, 12 available
 Memory: 16091M
 Large Page Support: Disabled
 NUMA Support: Disabled
 Compressed Oops: Enabled (32-bit)
 Alignments: Space 512K, Generation 512K, Heap 2M
 Heap Min Capacity: 100M
 Heap Initial Capacity: 100M
 Heap Max Capacity: 2G
 Pre-touch: Disabled
 Parallel Workers: 10

Heap:
 PSYoungGen      total 19456K, used 12338K [0x00000000d5580000, 0x00000000d6d80000, 0x0000000100000000)
  eden space 18944K, 62% used [0x00000000d5580000,0x00000000d6114b38,0x00000000d6800000)
  from space 512K, 93% used [0x00000000d6d00000,0x00000000d6d78000,0x00000000d6d80000)
  to   space 1024K, 0% used [0x00000000d6b80000,0x00000000d6b80000,0x00000000d6c80000)
 ParOldGen       total 68608K, used 34941K [0x0000000080000000, 0x0000000084300000, 0x00000000d5580000)
  object space 68608K, 50% used [0x0000000080000000,0x000000008221f718,0x0000000084300000)
 Metaspace       used 51355K, committed 52544K, reserved 1114112K
  class space    used 5506K, committed 6080K, reserved 1048576K

Card table byte_map: [0x0000023508600000,0x0000023508a10000] _byte_map_base: 0x0000023508200000

Marking Bits: (ParMarkBitMap*) 0x00007ffe06af31f0
 Begin Bits: [0x000002351b100000, 0x000002351d100000)
 End Bits:   [0x000002351d100000, 0x000002351f100000)

Polling page: 0x0000023506ad0000

Metaspace:

Usage:
  Non-class:     44.77 MB used.
      Class:      5.38 MB used.
       Both:     50.15 MB used.

Virtual space:
  Non-class space:       64.00 MB reserved,      45.38 MB ( 71%) committed,  1 nodes.
      Class space:        1.00 GB reserved,       5.94 MB ( <1%) committed,  1 nodes.
             Both:        1.06 GB reserved,      51.31 MB (  5%) committed. 

Chunk freelists:
   Non-Class:  1.81 MB
       Class:  9.98 MB
        Both:  11.80 MB

MaxMetaspaceSize: unlimited
CompressedClassSpaceSize: 1.00 GB
Initial GC threshold: 21.00 MB
Current GC threshold: 58.38 MB
CDS: on
 - commit_granule_bytes: 65536.
 - commit_granule_words: 8192.
 - virtual_space_node_default_size: 8388608.
 - enlarge_chunks_in_place: 1.
 - use_allocation_guard: 0.


Internal statistics:

num_allocs_failed_limit: 6.
num_arena_births: 820.
num_arena_deaths: 42.
num_vsnodes_births: 2.
num_vsnodes_deaths: 0.
num_space_committed: 821.
num_space_uncommitted: 0.
num_chunks_returned_to_freelist: 57.
num_chunks_taken_from_freelist: 2899.
num_chunk_merges: 13.
num_chunk_splits: 1805.
num_chunks_enlarged: 1088.
num_inconsistent_stats: 0.

CodeHeap 'non-profiled nmethods': size=120000Kb used=4328Kb max_used=4328Kb free=115671Kb
 bounds [0x0000023513920000, 0x0000023513d60000, 0x000002351ae50000]
CodeHeap 'profiled nmethods': size=120000Kb used=14689Kb max_used=14689Kb free=105310Kb
 bounds [0x000002350be50000, 0x000002350ccb0000, 0x0000023513380000]
CodeHeap 'non-nmethods': size=5760Kb used=1404Kb max_used=1459Kb free=4355Kb
 bounds [0x0000023513380000, 0x00000235135f0000, 0x0000023513920000]
 total_blobs=7724 nmethods=7020 adapters=610
 compilation: enabled
              stopped_count=0, restarted_count=0
 full_count=0

Compilation events (20 events):
Event: 66.938 Thread 0x0000023561a15c60 7620       3       org.eclipse.osgi.framework.util.FilePath::<init> (10 bytes)
Event: 66.938 Thread 0x0000023561a15c60 nmethod 7620 0x000002350cc8e990 code [0x000002350cc8eb40, 0x000002350cc8ecd8]
Event: 66.938 Thread 0x0000023561a15c60 7621   !   3       org.eclipse.osgi.storage.BundleInfo$Generation::isMRJar (17 bytes)
Event: 66.938 Thread 0x0000023561a15c60 nmethod 7621 0x000002350cc8ed90 code [0x000002350cc8ef40, 0x000002350cc8f140]
Event: 66.938 Thread 0x0000023561a15c60 7623       3       org.eclipse.osgi.framework.util.FilePath::matchingFirstSegments (63 bytes)
Event: 66.938 Thread 0x0000023561a15c60 nmethod 7623 0x000002350cc8f210 code [0x000002350cc8f400, 0x000002350cc8f7b8]
Event: 66.938 Thread 0x0000023561a15c60 7622       3       org.eclipse.osgi.framework.util.FilePath::makeRelative (171 bytes)
Event: 68.985 Thread 0x0000023561a15c60 nmethod 7622 0x000002350cc8fa10 code [0x000002350cc8fd00, 0x000002350cc909b0]
Event: 68.985 Thread 0x0000023561a15c60 7635       3       org.eclipse.osgi.container.ModuleDatabase$Persistence::getStringsVersionsAndMaps (286 bytes)
Event: 68.985 Thread 0x0000023568d49730 7632       4       java.util.AbstractMap::hashCode (45 bytes)
Event: 68.986 Thread 0x0000023567711d40 7631       4       org.eclipse.osgi.container.ModuleDatabase$Persistence::addMap (289 bytes)
Event: 72.035 Thread 0x0000023561a15c60 nmethod 7635 0x000002350cc90f10 code [0x000002350cc912e0, 0x000002350cc93000]
Event: 72.035 Thread 0x0000023561a15c60 7634       3       java.lang.Integer::numberOfTrailingZeros (80 bytes)
Event: 72.036 Thread 0x0000023561a15c60 nmethod 7634 0x000002350cc93910 code [0x000002350cc93ac0, 0x000002350cc93cf8]
Event: 72.036 Thread 0x0000023561a15c60 7624       3       java.lang.StringBuilder::deleteCharAt (8 bytes)
Event: 72.036 Thread 0x0000023561a15c60 nmethod 7624 0x000002350cc93d90 code [0x000002350cc93f60, 0x000002350cc941d0]
Event: 72.037 Thread 0x0000023561a15c60 7625       3       java.lang.AbstractStringBuilder::deleteCharAt (33 bytes)
Event: 72.038 Thread 0x0000023561a15c60 nmethod 7625 0x000002350cc94310 code [0x000002350cc944c0, 0x000002350cc946d8]
Event: 72.038 Thread 0x0000023561a15c60 7626   !   3       org.eclipse.osgi.storage.BundleInfo$Generation::hasPackageInfo (17 bytes)
Event: 74.044 Thread 0x0000023561a15c60 nmethod 7626 0x000002350cc94810 code [0x000002350cc949c0, 0x000002350cc94bc0]

GC Heap History (20 events):
Event: 33.124 GC heap before
{Heap before GC invocations=19 (full 2):
 PSYoungGen      total 23040K, used 23011K [0x00000000d5580000, 0x00000000d7000000, 0x0000000100000000)
  eden space 22016K, 99% used [0x00000000d5580000,0x00000000d6affff8,0x00000000d6b00000)
  from space 1024K, 97% used [0x00000000d6f00000,0x00000000d6ff8e60,0x00000000d7000000)
  to   space 2048K, 0% used [0x00000000d6c00000,0x00000000d6c00000,0x00000000d6e00000)
 ParOldGen       total 68608K, used 18300K [0x0000000080000000, 0x0000000084300000, 0x00000000d5580000)
  object space 68608K, 26% used [0x0000000080000000,0x00000000811df1e8,0x0000000084300000)
 Metaspace       used 40975K, committed 42048K, reserved 1114112K
  class space    used 4311K, committed 4736K, reserved 1048576K
}
Event: 33.126 GC heap after
{Heap after GC invocations=19 (full 2):
 PSYoungGen      total 24064K, used 1669K [0x00000000d5580000, 0x00000000d6f80000, 0x0000000100000000)
  eden space 22016K, 0% used [0x00000000d5580000,0x00000000d5580000,0x00000000d6b00000)
  from space 2048K, 81% used [0x00000000d6c00000,0x00000000d6da1430,0x00000000d6e00000)
  to   space 1536K, 0% used [0x00000000d6e00000,0x00000000d6e00000,0x00000000d6f80000)
 ParOldGen       total 68608K, used 19316K [0x0000000080000000, 0x0000000084300000, 0x00000000d5580000)
  object space 68608K, 28% used [0x0000000080000000,0x00000000812dd118,0x0000000084300000)
 Metaspace       used 40975K, committed 42048K, reserved 1114112K
  class space    used 4311K, committed 4736K, reserved 1048576K
}
Event: 33.468 GC heap before
{Heap before GC invocations=20 (full 2):
 PSYoungGen      total 24064K, used 23685K [0x00000000d5580000, 0x00000000d6f80000, 0x0000000100000000)
  eden space 22016K, 100% used [0x00000000d5580000,0x00000000d6b00000,0x00000000d6b00000)
  from space 2048K, 81% used [0x00000000d6c00000,0x00000000d6da1430,0x00000000d6e00000)
  to   space 1536K, 0% used [0x00000000d6e00000,0x00000000d6e00000,0x00000000d6f80000)
 ParOldGen       total 68608K, used 19316K [0x0000000080000000, 0x0000000084300000, 0x00000000d5580000)
  object space 68608K, 28% used [0x0000000080000000,0x00000000812dd118,0x0000000084300000)
 Metaspace       used 43452K, committed 44608K, reserved 1114112K
  class space    used 4594K, committed 5120K, reserved 1048576K
}
Event: 33.470 GC heap after
{Heap after GC invocations=20 (full 2):
 PSYoungGen      total 20480K, used 1530K [0x00000000d5580000, 0x00000000d7700000, 0x0000000100000000)
  eden space 18944K, 0% used [0x00000000d5580000,0x00000000d5580000,0x00000000d6800000)
  from space 1536K, 99% used [0x00000000d6e00000,0x00000000d6f7eaa8,0x00000000d6f80000)
  to   space 6144K, 0% used [0x00000000d6800000,0x00000000d6800000,0x00000000d6e00000)
 ParOldGen       total 68608K, used 23126K [0x0000000080000000, 0x0000000084300000, 0x00000000d5580000)
  object space 68608K, 33% used [0x0000000080000000,0x00000000816959e0,0x0000000084300000)
 Metaspace       used 43452K, committed 44608K, reserved 1114112K
  class space    used 4594K, committed 5120K, reserved 1048576K
}
Event: 37.710 GC heap before
{Heap before GC invocations=21 (full 2):
 PSYoungGen      total 20480K, used 20474K [0x00000000d5580000, 0x00000000d7700000, 0x0000000100000000)
  eden space 18944K, 100% used [0x00000000d5580000,0x00000000d6800000,0x00000000d6800000)
  from space 1536K, 99% used [0x00000000d6e00000,0x00000000d6f7eaa8,0x00000000d6f80000)
  to   space 6144K, 0% used [0x00000000d6800000,0x00000000d6800000,0x00000000d6e00000)
 ParOldGen       total 68608K, used 23126K [0x0000000080000000, 0x0000000084300000, 0x00000000d5580000)
  object space 68608K, 33% used [0x0000000080000000,0x00000000816959e0,0x0000000084300000)
 Metaspace       used 46553K, committed 47744K, reserved 1114112K
  class space    used 4957K, committed 5504K, reserved 1048576K
}
Event: 37.712 GC heap after
{Heap after GC invocations=21 (full 2):
 PSYoungGen      total 20480K, used 1466K [0x00000000d5580000, 0x00000000d6e80000, 0x0000000100000000)
  eden space 18944K, 0% used [0x00000000d5580000,0x00000000d5580000,0x00000000d6800000)
  from space 1536K, 95% used [0x00000000d6800000,0x00000000d696eb38,0x00000000d6980000)
  to   space 3072K, 0% used [0x00000000d6b80000,0x00000000d6b80000,0x00000000d6e80000)
 ParOldGen       total 68608K, used 24268K [0x0000000080000000, 0x0000000084300000, 0x00000000d5580000)
  object space 68608K, 35% used [0x0000000080000000,0x00000000817b32d8,0x0000000084300000)
 Metaspace       used 46553K, committed 47744K, reserved 1114112K
  class space    used 4957K, committed 5504K, reserved 1048576K
}
Event: 43.888 GC heap before
{Heap before GC invocations=22 (full 2):
 PSYoungGen      total 20480K, used 20410K [0x00000000d5580000, 0x00000000d6e80000, 0x0000000100000000)
  eden space 18944K, 100% used [0x00000000d5580000,0x00000000d6800000,0x00000000d6800000)
  from space 1536K, 95% used [0x00000000d6800000,0x00000000d696eb38,0x00000000d6980000)
  to   space 3072K, 0% used [0x00000000d6b80000,0x00000000d6b80000,0x00000000d6e80000)
 ParOldGen       total 68608K, used 24268K [0x0000000080000000, 0x0000000084300000, 0x00000000d5580000)
  object space 68608K, 35% used [0x0000000080000000,0x00000000817b32d8,0x0000000084300000)
 Metaspace       used 48969K, committed 50048K, reserved 1114112K
  class space    used 5273K, committed 5760K, reserved 1048576K
}
Event: 43.890 GC heap after
{Heap after GC invocations=22 (full 2):
 PSYoungGen      total 19968K, used 800K [0x00000000d5580000, 0x00000000d6c80000, 0x0000000100000000)
  eden space 18944K, 0% used [0x00000000d5580000,0x00000000d5580000,0x00000000d6800000)
  from space 1024K, 78% used [0x00000000d6b80000,0x00000000d6c48000,0x00000000d6c80000)
  to   space 1536K, 0% used [0x00000000d6980000,0x00000000d6980000,0x00000000d6b00000)
 ParOldGen       total 68608K, used 25539K [0x0000000080000000, 0x0000000084300000, 0x00000000d5580000)
  object space 68608K, 37% used [0x0000000080000000,0x00000000818f0e50,0x0000000084300000)
 Metaspace       used 48969K, committed 50048K, reserved 1114112K
  class space    used 5273K, committed 5760K, reserved 1048576K
}
Event: 47.972 GC heap before
{Heap before GC invocations=23 (full 2):
 PSYoungGen      total 19968K, used 19744K [0x00000000d5580000, 0x00000000d6c80000, 0x0000000100000000)
  eden space 18944K, 100% used [0x00000000d5580000,0x00000000d6800000,0x00000000d6800000)
  from space 1024K, 78% used [0x00000000d6b80000,0x00000000d6c48000,0x00000000d6c80000)
  to   space 1536K, 0% used [0x00000000d6980000,0x00000000d6980000,0x00000000d6b00000)
 ParOldGen       total 68608K, used 25539K [0x0000000080000000, 0x0000000084300000, 0x00000000d5580000)
  object space 68608K, 37% used [0x0000000080000000,0x00000000818f0e50,0x0000000084300000)
 Metaspace       used 49362K, committed 50432K, reserved 1114112K
  class space    used 5304K, committed 5760K, reserved 1048576K
}
Event: 47.974 GC heap after
{Heap after GC invocations=23 (full 2):
 PSYoungGen      total 20480K, used 1531K [0x00000000d5580000, 0x00000000d7900000, 0x0000000100000000)
  eden space 18944K, 0% used [0x00000000d5580000,0x00000000d5580000,0x00000000d6800000)
  from space 1536K, 99% used [0x00000000d6980000,0x00000000d6afefa0,0x00000000d6b00000)
  to   space 8704K, 0% used [0x00000000d7080000,0x00000000d7080000,0x00000000d7900000)
 ParOldGen       total 68608K, used 31525K [0x0000000080000000, 0x0000000084300000, 0x00000000d5580000)
  object space 68608K, 45% used [0x0000000080000000,0x0000000081ec9640,0x0000000084300000)
 Metaspace       used 49362K, committed 50432K, reserved 1114112K
  class space    used 5304K, committed 5760K, reserved 1048576K
}
Event: 48.027 GC heap before
{Heap before GC invocations=24 (full 2):
 PSYoungGen      total 20480K, used 20475K [0x00000000d5580000, 0x00000000d7900000, 0x0000000100000000)
  eden space 18944K, 100% used [0x00000000d5580000,0x00000000d6800000,0x00000000d6800000)
  from space 1536K, 99% used [0x00000000d6980000,0x00000000d6afefa0,0x00000000d6b00000)
  to   space 8704K, 0% used [0x00000000d7080000,0x00000000d7080000,0x00000000d7900000)
 ParOldGen       total 68608K, used 31525K [0x0000000080000000, 0x0000000084300000, 0x00000000d5580000)
  object space 68608K, 45% used [0x0000000080000000,0x0000000081ec9640,0x0000000084300000)
 Metaspace       used 49441K, committed 50496K, reserved 1114112K
  class space    used 5310K, committed 5760K, reserved 1048576K
}
Event: 48.029 GC heap after
{Heap after GC invocations=24 (full 2):
 PSYoungGen      total 22016K, used 2624K [0x00000000d5580000, 0x00000000d7380000, 0x0000000100000000)
  eden space 18944K, 0% used [0x00000000d5580000,0x00000000d5580000,0x00000000d6800000)
  from space 3072K, 85% used [0x00000000d7080000,0x00000000d7310000,0x00000000d7380000)
  to   space 4608K, 0% used [0x00000000d6a80000,0x00000000d6a80000,0x00000000d6f00000)
 ParOldGen       total 68608K, used 32853K [0x0000000080000000, 0x0000000084300000, 0x00000000d5580000)
  object space 68608K, 47% used [0x0000000080000000,0x0000000082015678,0x0000000084300000)
 Metaspace       used 49441K, committed 50496K, reserved 1114112K
  class space    used 5310K, committed 5760K, reserved 1048576K
}
Event: 48.052 GC heap before
{Heap before GC invocations=25 (full 2):
 PSYoungGen      total 22016K, used 21568K [0x00000000d5580000, 0x00000000d7380000, 0x0000000100000000)
  eden space 18944K, 100% used [0x00000000d5580000,0x00000000d6800000,0x00000000d6800000)
  from space 3072K, 85% used [0x00000000d7080000,0x00000000d7310000,0x00000000d7380000)
  to   space 4608K, 0% used [0x00000000d6a80000,0x00000000d6a80000,0x00000000d6f00000)
 ParOldGen       total 68608K, used 32853K [0x0000000080000000, 0x0000000084300000, 0x00000000d5580000)
  object space 68608K, 47% used [0x0000000080000000,0x0000000082015678,0x0000000084300000)
 Metaspace       used 49454K, committed 50496K, reserved 1114112K
  class space    used 5310K, committed 5760K, reserved 1048576K
}
Event: 48.054 GC heap after
{Heap after GC invocations=25 (full 2):
 PSYoungGen      total 23552K, used 4592K [0x00000000d5580000, 0x00000000d7300000, 0x0000000100000000)
  eden space 18944K, 0% used [0x00000000d5580000,0x00000000d5580000,0x00000000d6800000)
  from space 4608K, 99% used [0x00000000d6a80000,0x00000000d6efc018,0x00000000d6f00000)
  to   space 4096K, 0% used [0x00000000d6f00000,0x00000000d6f00000,0x00000000d7300000)
 ParOldGen       total 68608K, used 33005K [0x0000000080000000, 0x0000000084300000, 0x00000000d5580000)
  object space 68608K, 48% used [0x0000000080000000,0x000000008203b678,0x0000000084300000)
 Metaspace       used 49454K, committed 50496K, reserved 1114112K
  class space    used 5310K, committed 5760K, reserved 1048576K
}
Event: 48.076 GC heap before
{Heap before GC invocations=26 (full 2):
 PSYoungGen      total 23552K, used 23533K [0x00000000d5580000, 0x00000000d7300000, 0x0000000100000000)
  eden space 18944K, 99% used [0x00000000d5580000,0x00000000d67ff408,0x00000000d6800000)
  from space 4608K, 99% used [0x00000000d6a80000,0x00000000d6efc018,0x00000000d6f00000)
  to   space 4096K, 0% used [0x00000000d6f00000,0x00000000d6f00000,0x00000000d7300000)
 ParOldGen       total 68608K, used 33005K [0x0000000080000000, 0x0000000084300000, 0x00000000d5580000)
  object space 68608K, 48% used [0x0000000080000000,0x000000008203b678,0x0000000084300000)
 Metaspace       used 49470K, committed 50496K, reserved 1114112K
  class space    used 5310K, committed 5760K, reserved 1048576K
}
Event: 48.077 GC heap after
{Heap after GC invocations=26 (full 2):
 PSYoungGen      total 23040K, used 4080K [0x00000000d5580000, 0x00000000d7300000, 0x0000000100000000)
  eden space 18944K, 0% used [0x00000000d5580000,0x00000000d5580000,0x00000000d6800000)
  from space 4096K, 99% used [0x00000000d6f00000,0x00000000d72fc018,0x00000000d7300000)
  to   space 5632K, 0% used [0x00000000d6800000,0x00000000d6800000,0x00000000d6d80000)
 ParOldGen       total 68608K, used 34185K [0x0000000080000000, 0x0000000084300000, 0x00000000d5580000)
  object space 68608K, 49% used [0x0000000080000000,0x00000000821627f8,0x0000000084300000)
 Metaspace       used 49470K, committed 50496K, reserved 1114112K
  class space    used 5310K, committed 5760K, reserved 1048576K
}
Event: 48.207 GC heap before
{Heap before GC invocations=27 (full 2):
 PSYoungGen      total 23040K, used 23024K [0x00000000d5580000, 0x00000000d7300000, 0x0000000100000000)
  eden space 18944K, 100% used [0x00000000d5580000,0x00000000d6800000,0x00000000d6800000)
  from space 4096K, 99% used [0x00000000d6f00000,0x00000000d72fc018,0x00000000d7300000)
  to   space 5632K, 0% used [0x00000000d6800000,0x00000000d6800000,0x00000000d6d80000)
 ParOldGen       total 68608K, used 34185K [0x0000000080000000, 0x0000000084300000, 0x00000000d5580000)
  object space 68608K, 49% used [0x0000000080000000,0x00000000821627f8,0x0000000084300000)
 Metaspace       used 49742K, committed 50880K, reserved 1114112K
  class space    used 5338K, committed 5824K, reserved 1048576K
}
Event: 48.208 GC heap after
{Heap after GC invocations=27 (full 2):
 PSYoungGen      total 19456K, used 512K [0x00000000d5580000, 0x00000000d6f80000, 0x0000000100000000)
  eden space 18944K, 0% used [0x00000000d5580000,0x00000000d5580000,0x00000000d6800000)
  from space 512K, 100% used [0x00000000d6800000,0x00000000d6880000,0x00000000d6880000)
  to   space 2560K, 0% used [0x00000000d6d00000,0x00000000d6d00000,0x00000000d6f80000)
 ParOldGen       total 68608K, used 34566K [0x0000000080000000, 0x0000000084300000, 0x00000000d5580000)
  object space 68608K, 50% used [0x0000000080000000,0x00000000821c18a0,0x0000000084300000)
 Metaspace       used 49742K, committed 50880K, reserved 1114112K
  class space    used 5338K, committed 5824K, reserved 1048576K
}
Event: 49.488 GC heap before
{Heap before GC invocations=28 (full 2):
 PSYoungGen      total 19456K, used 19455K [0x00000000d5580000, 0x00000000d6f80000, 0x0000000100000000)
  eden space 18944K, 99% used [0x00000000d5580000,0x00000000d67fffa8,0x00000000d6800000)
  from space 512K, 100% used [0x00000000d6800000,0x00000000d6880000,0x00000000d6880000)
  to   space 2560K, 0% used [0x00000000d6d00000,0x00000000d6d00000,0x00000000d6f80000)
 ParOldGen       total 68608K, used 34566K [0x0000000080000000, 0x0000000084300000, 0x00000000d5580000)
  object space 68608K, 50% used [0x0000000080000000,0x00000000821c18a0,0x0000000084300000)
 Metaspace       used 50492K, committed 51584K, reserved 1114112K
  class space    used 5407K, committed 5888K, reserved 1048576K
}
Event: 49.489 GC heap after
{Heap after GC invocations=28 (full 2):
 PSYoungGen      total 19456K, used 480K [0x00000000d5580000, 0x00000000d6d80000, 0x0000000100000000)
  eden space 18944K, 0% used [0x00000000d5580000,0x00000000d5580000,0x00000000d6800000)
  from space 512K, 93% used [0x00000000d6d00000,0x00000000d6d78000,0x00000000d6d80000)
  to   space 1024K, 0% used [0x00000000d6b80000,0x00000000d6b80000,0x00000000d6c80000)
 ParOldGen       total 68608K, used 34941K [0x0000000080000000, 0x0000000084300000, 0x00000000d5580000)
  object space 68608K, 50% used [0x0000000080000000,0x000000008221f718,0x0000000084300000)
 Metaspace       used 50492K, committed 51584K, reserved 1114112K
  class space    used 5407K, committed 5888K, reserved 1048576K
}

Dll operation events (14 events):
Event: 0.015 Loaded shared library c:\Users\Lenovo LOQ\.vscode\extensions\redhat.java-1.43.0-win32-x64\jre\21.0.7-win32-x86_64\bin\java.dll
Event: 0.042 Loaded shared library c:\Users\Lenovo LOQ\.vscode\extensions\redhat.java-1.43.0-win32-x64\jre\21.0.7-win32-x86_64\bin\zip.dll
Event: 0.108 Loaded shared library C:\Users\Lenovo LOQ\.vscode\extensions\redhat.java-1.43.0-win32-x64\jre\21.0.7-win32-x86_64\bin\instrument.dll
Event: 0.114 Loaded shared library C:\Users\Lenovo LOQ\.vscode\extensions\redhat.java-1.43.0-win32-x64\jre\21.0.7-win32-x86_64\bin\net.dll
Event: 0.117 Loaded shared library C:\Users\Lenovo LOQ\.vscode\extensions\redhat.java-1.43.0-win32-x64\jre\21.0.7-win32-x86_64\bin\nio.dll
Event: 0.121 Loaded shared library C:\Users\Lenovo LOQ\.vscode\extensions\redhat.java-1.43.0-win32-x64\jre\21.0.7-win32-x86_64\bin\zip.dll
Event: 0.140 Loaded shared library C:\Users\Lenovo LOQ\.vscode\extensions\redhat.java-1.43.0-win32-x64\jre\21.0.7-win32-x86_64\bin\jimage.dll
Event: 0.233 Loaded shared library c:\Users\Lenovo LOQ\.vscode\extensions\redhat.java-1.43.0-win32-x64\jre\21.0.7-win32-x86_64\bin\verify.dll
Event: 13.663 Loaded shared library C:\Users\Lenovo LOQ\AppData\Roaming\Code\User\globalStorage\redhat.java\1.43.0\config_win\org.eclipse.equinox.launcher\org.eclipse.equinox.launcher.win32.win32.x86_64_1.2.1300.v20250331-1702\eclipse_11911.dll
Event: 27.156 Loaded shared library C:\Users\Lenovo LOQ\.vscode\extensions\redhat.java-1.43.0-win32-x64\jre\21.0.7-win32-x86_64\bin\management.dll
Event: 27.164 Loaded shared library C:\Users\Lenovo LOQ\.vscode\extensions\redhat.java-1.43.0-win32-x64\jre\21.0.7-win32-x86_64\bin\management_ext.dll
Event: 32.941 Loaded shared library C:\Users\Lenovo LOQ\AppData\Local\Temp\jna-1726617313\jna400733994260260168.dll
Event: 33.103 Loaded shared library C:\Users\Lenovo LOQ\.vscode\extensions\redhat.java-1.43.0-win32-x64\jre\21.0.7-win32-x86_64\bin\sunmscapi.dll
Event: 37.336 Loaded shared library C:\Users\Lenovo LOQ\.vscode\extensions\redhat.java-1.43.0-win32-x64\jre\21.0.7-win32-x86_64\bin\extnet.dll

Deoptimization events (20 events):
Event: 74.044 Thread 0x000002356746bcd0 DEOPT PACKING pc=0x000002350be88dae sp=0x000000e1194fea90
Event: 74.044 Thread 0x000002356746bcd0 DEOPT UNPACKING pc=0x00000235133d4242 sp=0x000000e1194fdfe8 mode 0
Event: 74.045 Thread 0x000002356746bcd0 DEOPT PACKING pc=0x000002350be88dae sp=0x000000e1194fea90
Event: 74.045 Thread 0x000002356746bcd0 DEOPT UNPACKING pc=0x00000235133d4242 sp=0x000000e1194fdfe8 mode 0
Event: 74.045 Thread 0x000002356746bcd0 DEOPT PACKING pc=0x000002350be88dae sp=0x000000e1194fea90
Event: 74.045 Thread 0x000002356746bcd0 DEOPT UNPACKING pc=0x00000235133d4242 sp=0x000000e1194fdfe8 mode 0
Event: 74.045 Thread 0x000002356746bcd0 DEOPT PACKING pc=0x000002350be88dae sp=0x000000e1194fea90
Event: 74.045 Thread 0x000002356746bcd0 DEOPT UNPACKING pc=0x00000235133d4242 sp=0x000000e1194fdfe8 mode 0
Event: 74.046 Thread 0x000002356746bcd0 DEOPT PACKING pc=0x000002350be88dae sp=0x000000e1194fea90
Event: 74.046 Thread 0x000002356746bcd0 DEOPT UNPACKING pc=0x00000235133d4242 sp=0x000000e1194fdfe8 mode 0
Event: 74.046 Thread 0x000002356746bcd0 DEOPT PACKING pc=0x000002350be88dae sp=0x000000e1194fea90
Event: 74.047 Thread 0x000002356746bcd0 DEOPT UNPACKING pc=0x00000235133d4242 sp=0x000000e1194fdfe8 mode 0
Event: 74.047 Thread 0x000002356746bcd0 DEOPT PACKING pc=0x000002350be88dae sp=0x000000e1194fea90
Event: 74.047 Thread 0x000002356746bcd0 DEOPT UNPACKING pc=0x00000235133d4242 sp=0x000000e1194fdfe8 mode 0
Event: 74.047 Thread 0x000002356746bcd0 DEOPT PACKING pc=0x000002350be88dae sp=0x000000e1194fea90
Event: 74.047 Thread 0x000002356746bcd0 DEOPT UNPACKING pc=0x00000235133d4242 sp=0x000000e1194fdfe8 mode 0
Event: 74.047 Thread 0x000002356746bcd0 DEOPT PACKING pc=0x000002350be88dae sp=0x000000e1194fea90
Event: 74.047 Thread 0x000002356746bcd0 DEOPT UNPACKING pc=0x00000235133d4242 sp=0x000000e1194fdfe8 mode 0
Event: 74.047 Thread 0x000002356746bcd0 DEOPT PACKING pc=0x000002350be88dae sp=0x000000e1194fea90
Event: 74.047 Thread 0x000002356746bcd0 DEOPT UNPACKING pc=0x00000235133d4242 sp=0x000000e1194fdfe8 mode 0

Classes loaded (20 events):
Event: 50.855 Loading class sun/net/www/http/KeepAliveStreamCleaner
Event: 50.855 Loading class sun/net/www/http/KeepAliveStreamCleaner done
Event: 50.856 Loading class sun/net/www/http/KeepAliveStreamCleaner$1
Event: 50.856 Loading class sun/net/www/http/KeepAliveStreamCleaner$1 done
Event: 50.856 Loading class sun/net/www/http/KeepAliveStreamCleaner$2
Event: 50.856 Loading class sun/net/www/http/KeepAliveStreamCleaner$2 done
Event: 50.856 Loading class sun/net/www/protocol/http/HttpURLConnection$HttpInputStream
Event: 50.856 Loading class sun/net/www/protocol/http/HttpURLConnection$HttpInputStream done
Event: 51.316 Loading class sun/net/www/http/KeepAliveCache$1
Event: 51.316 Loading class sun/net/www/http/KeepAliveCache$1 done
Event: 51.316 Loading class sun/net/www/http/KeepAliveCache$ClientVector
Event: 51.317 Loading class sun/net/www/http/KeepAliveCache$ClientVector done
Event: 51.318 Loading class sun/net/www/http/KeepAliveEntry
Event: 51.318 Loading class sun/net/www/http/KeepAliveEntry done
Event: 56.320 Loading class sun/security/ssl/Alert
Event: 56.321 Loading class sun/security/ssl/Alert done
Event: 56.321 Loading class sun/security/ssl/Alert$AlertConsumer
Event: 56.321 Loading class sun/security/ssl/Alert$AlertConsumer done
Event: 56.321 Loading class sun/security/ssl/Alert$Level
Event: 56.322 Loading class sun/security/ssl/Alert$Level done

Classes unloaded (20 events):
Event: 29.260 Thread 0x0000023508bf49d0 Unloading class 0x00000235211a3000 'java/lang/invoke/LambdaForm$MH+0x00000235211a3000'
Event: 29.260 Thread 0x0000023508bf49d0 Unloading class 0x00000235211a2c00 'java/lang/invoke/LambdaForm$MH+0x00000235211a2c00'
Event: 29.260 Thread 0x0000023508bf49d0 Unloading class 0x00000235211a2800 'java/lang/invoke/LambdaForm$MH+0x00000235211a2800'
Event: 29.260 Thread 0x0000023508bf49d0 Unloading class 0x00000235211a2400 'java/lang/invoke/LambdaForm$BMH+0x00000235211a2400'
Event: 29.260 Thread 0x0000023508bf49d0 Unloading class 0x00000235211a2000 'java/lang/invoke/LambdaForm$DMH+0x00000235211a2000'
Event: 29.260 Thread 0x0000023508bf49d0 Unloading class 0x00000235211a1000 'java/lang/invoke/LambdaForm$DMH+0x00000235211a1000'
Event: 31.515 Thread 0x0000023508bf49d0 Unloading class 0x0000023521299400 'java/lang/invoke/LambdaForm$MH+0x0000023521299400'
Event: 31.515 Thread 0x0000023508bf49d0 Unloading class 0x0000023521298800 'java/lang/invoke/LambdaForm$MH+0x0000023521298800'
Event: 31.515 Thread 0x0000023508bf49d0 Unloading class 0x0000023521297c00 'java/lang/invoke/LambdaForm$MH+0x0000023521297c00'
Event: 31.515 Thread 0x0000023508bf49d0 Unloading class 0x0000023521297800 'java/lang/invoke/LambdaForm$DMH+0x0000023521297800'
Event: 31.515 Thread 0x0000023508bf49d0 Unloading class 0x0000023521296c00 'java/lang/invoke/LambdaForm$MH+0x0000023521296c00'
Event: 31.515 Thread 0x0000023508bf49d0 Unloading class 0x0000023521293000 'java/lang/invoke/LambdaForm$MH+0x0000023521293000'
Event: 31.515 Thread 0x0000023508bf49d0 Unloading class 0x0000023521292c00 'java/lang/invoke/LambdaForm$MH+0x0000023521292c00'
Event: 31.515 Thread 0x0000023508bf49d0 Unloading class 0x0000023521292400 'java/lang/invoke/LambdaForm$MH+0x0000023521292400'
Event: 31.515 Thread 0x0000023508bf49d0 Unloading class 0x0000023521291800 'java/lang/invoke/LambdaForm$MH+0x0000023521291800'
Event: 31.515 Thread 0x0000023508bf49d0 Unloading class 0x0000023521291000 'java/lang/invoke/LambdaForm$MH+0x0000023521291000'
Event: 31.515 Thread 0x0000023508bf49d0 Unloading class 0x0000023521290c00 'java/lang/invoke/LambdaForm$MH+0x0000023521290c00'
Event: 31.515 Thread 0x0000023508bf49d0 Unloading class 0x0000023521290000 'java/lang/invoke/LambdaForm$MH+0x0000023521290000'
Event: 31.515 Thread 0x0000023508bf49d0 Unloading class 0x000002352128ac00 'java/lang/invoke/LambdaForm$MH+0x000002352128ac00'
Event: 31.515 Thread 0x0000023508bf49d0 Unloading class 0x000002352128a400 'java/lang/invoke/LambdaForm$DMH+0x000002352128a400'

Classes redefined (0 events):
No events

Internal exceptions (20 events):
Event: 49.437 Thread 0x0000023567b1ad10 Exception <a 'sun/nio/fs/WindowsException'{0x00000000d677d420}> (0x00000000d677d420) 
thrown [s\src\hotspot\share\prims\jni.cpp, line 520]
Event: 49.465 Thread 0x0000023567b1ad10 Exception <a 'sun/nio/fs/WindowsException'{0x00000000d6781af0}> (0x00000000d6781af0) 
thrown [s\src\hotspot\share\prims\jni.cpp, line 520]
Event: 49.466 Thread 0x0000023567b1ad10 Exception <a 'sun/nio/fs/WindowsException'{0x00000000d6785cf8}> (0x00000000d6785cf8) 
thrown [s\src\hotspot\share\prims\jni.cpp, line 520]
Event: 49.474 Thread 0x0000023567b1ad10 Exception <a 'sun/nio/fs/WindowsException'{0x00000000d678aaa8}> (0x00000000d678aaa8) 
thrown [s\src\hotspot\share\prims\jni.cpp, line 520]
Event: 49.474 Thread 0x0000023567b1ad10 Exception <a 'sun/nio/fs/WindowsException'{0x00000000d678e6d0}> (0x00000000d678e6d0) 
thrown [s\src\hotspot\share\prims\jni.cpp, line 520]
Event: 49.475 Thread 0x0000023567b1ad10 Exception <a 'sun/nio/fs/WindowsException'{0x00000000d6794548}> (0x00000000d6794548) 
thrown [s\src\hotspot\share\prims\jni.cpp, line 520]
Event: 49.475 Thread 0x0000023567b1ad10 Exception <a 'sun/nio/fs/WindowsException'{0x00000000d679a400}> (0x00000000d679a400) 
thrown [s\src\hotspot\share\prims\jni.cpp, line 520]
Event: 49.475 Thread 0x0000023567b1ad10 Exception <a 'sun/nio/fs/WindowsException'{0x00000000d679e1f8}> (0x00000000d679e1f8) 
thrown [s\src\hotspot\share\prims\jni.cpp, line 520]
Event: 49.478 Thread 0x0000023567b1ad10 Exception <a 'sun/nio/fs/WindowsException'{0x00000000d67a5630}> (0x00000000d67a5630) 
thrown [s\src\hotspot\share\prims\jni.cpp, line 520]
Event: 49.479 Thread 0x0000023567b1ad10 Exception <a 'sun/nio/fs/WindowsException'{0x00000000d67b9a68}> (0x00000000d67b9a68) 
thrown [s\src\hotspot\share\prims\jni.cpp, line 520]
Event: 49.527 Thread 0x00000235682aff10 Exception <a 'sun/nio/fs/WindowsException'{0x00000000d562c4c0}> (0x00000000d562c4c0) 
thrown [s\src\hotspot\share\prims\jni.cpp, line 520]
Event: 49.527 Thread 0x00000235682aff10 Exception <a 'sun/nio/fs/WindowsException'{0x00000000d562cb10}> (0x00000000d562cb10) 
thrown [s\src\hotspot\share\prims\jni.cpp, line 520]
Event: 49.528 Thread 0x00000235682aff10 Exception <a 'sun/nio/fs/WindowsException'{0x00000000d562fd38}> (0x00000000d562fd38) 
thrown [s\src\hotspot\share\prims\jni.cpp, line 520]
Event: 49.528 Thread 0x00000235682aff10 Exception <a 'sun/nio/fs/WindowsException'{0x00000000d5630388}> (0x00000000d5630388) 
thrown [s\src\hotspot\share\prims\jni.cpp, line 520]
Event: 49.535 Thread 0x00000235682aff10 Exception <a 'sun/nio/fs/WindowsException'{0x00000000d56312d8}> (0x00000000d56312d8) 
thrown [s\src\hotspot\share\prims\jni.cpp, line 520]
Event: 49.535 Thread 0x00000235682aff10 Exception <a 'sun/nio/fs/WindowsException'{0x00000000d5631af0}> (0x00000000d5631af0) 
thrown [s\src\hotspot\share\prims\jni.cpp, line 520]
Event: 49.535 Thread 0x00000235682aff10 Exception <a 'sun/nio/fs/WindowsException'{0x00000000d5632b90}> (0x00000000d5632b90) 
thrown [s\src\hotspot\share\prims\jni.cpp, line 520]
Event: 49.535 Thread 0x00000235682aff10 Exception <a 'sun/nio/fs/WindowsException'{0x00000000d56333a8}> (0x00000000d56333a8) 
thrown [s\src\hotspot\share\prims\jni.cpp, line 520]
Event: 49.856 Thread 0x00000235682aff10 Exception <a 'java/lang/IncompatibleClassChangeError'{0x00000000d589ff00}: Found class java.lang.Object, but interface was expected> (0x00000000d589ff00) 
thrown [s\src\hotspot\share\interpreter\linkResolver.cpp, line 840]
Event: 51.401 Thread 0x0000023567b19960 Exception <a 'java/lang/NoSuchMethodError'{0x00000000d5cfb488}: 'void java.lang.invoke.DirectMethodHandle$Holder.invokeStaticInit(java.lang.Object, java.lang.Object, java.lang.Object, java.lang.Object)'> (0x00000000d5cfb488) 
thrown [s\src\hotspot\share\interpreter\linkResolver.cpp, line 773]

ZGC Phase Switch (0 events):
No events

VM Operations (20 events):
Event: 51.317 Executing VM operation: HandshakeAllThreads (Deoptimize)
Event: 51.318 Executing VM operation: HandshakeAllThreads (Deoptimize) done
Event: 52.326 Executing VM operation: Cleanup
Event: 52.326 Executing VM operation: Cleanup done
Event: 53.331 Executing VM operation: Cleanup
Event: 53.331 Executing VM operation: Cleanup done
Event: 54.343 Executing VM operation: Cleanup
Event: 54.343 Executing VM operation: Cleanup done
Event: 56.365 Executing VM operation: Cleanup
Event: 56.365 Executing VM operation: Cleanup done
Event: 58.380 Executing VM operation: Cleanup
Event: 58.380 Executing VM operation: Cleanup done
Event: 60.071 Executing VM operation: HandshakeAllThreads (HandshakeForDeflation)
Event: 60.071 Executing VM operation: HandshakeAllThreads (HandshakeForDeflation) done
Event: 60.071 Executing VM operation: RendezvousGCThreads
Event: 60.071 Executing VM operation: RendezvousGCThreads done
Event: 63.093 Executing VM operation: Cleanup
Event: 63.093 Executing VM operation: Cleanup done
Event: 67.128 Executing VM operation: Cleanup
Event: 68.985 Executing VM operation: Cleanup done

Memory protections (0 events):
No events

Nmethod flushes (20 events):
Event: 31.529 Thread 0x0000023508bf49d0 flushing  nmethod 0x000002350c504e10
Event: 31.529 Thread 0x0000023508bf49d0 flushing  nmethod 0x000002350c53e510
Event: 31.529 Thread 0x0000023508bf49d0 flushing  nmethod 0x000002350c576d10
Event: 31.529 Thread 0x0000023508bf49d0 flushing  nmethod 0x000002350c596710
Event: 31.529 Thread 0x0000023508bf49d0 flushing  nmethod 0x000002350c5b1790
Event: 31.529 Thread 0x0000023508bf49d0 flushing  nmethod 0x000002350c5b1b90
Event: 31.529 Thread 0x0000023508bf49d0 flushing  nmethod 0x000002350c5b2490
Event: 31.529 Thread 0x0000023508bf49d0 flushing  nmethod 0x000002350c5b3690
Event: 31.529 Thread 0x0000023508bf49d0 flushing  nmethod 0x000002350c5b4290
Event: 31.529 Thread 0x0000023508bf49d0 flushing  nmethod 0x000002350c5b4a10
Event: 31.529 Thread 0x0000023508bf49d0 flushing  nmethod 0x000002350c5b5f90
Event: 31.529 Thread 0x0000023508bf49d0 flushing  nmethod 0x000002350c5b6b10
Event: 31.529 Thread 0x0000023508bf49d0 flushing  nmethod 0x000002350c5b7410
Event: 31.529 Thread 0x0000023508bf49d0 flushing  nmethod 0x000002350c5b8510
Event: 31.529 Thread 0x0000023508bf49d0 flushing  nmethod 0x000002350c5c2190
Event: 31.529 Thread 0x0000023508bf49d0 flushing  nmethod 0x000002350c5c2690
Event: 31.529 Thread 0x0000023508bf49d0 flushing  nmethod 0x000002350c5c3310
Event: 31.529 Thread 0x0000023508bf49d0 flushing  nmethod 0x000002350c637c90
Event: 31.529 Thread 0x0000023508bf49d0 flushing  nmethod 0x000002350c665710
Event: 31.529 Thread 0x0000023508bf49d0 flushing  nmethod 0x000002350c698710

Events (20 events):
Event: 51.316 Thread 0x0000023567b19960 Thread added: 0x0000023567b02510
Event: 54.046 Thread 0x0000023561a15c60 Thread added: 0x0000023568d49730
Event: 54.046 Thread 0x0000023561a15c60 Thread added: 0x0000023567713520
Event: 58.161 Thread 0x0000023567b03f50 Thread exited: 0x0000023567b03f50
Event: 58.161 Thread 0x000002356966a060 Thread exited: 0x000002356966a060
Event: 58.161 Thread 0x0000023569667f90 Thread exited: 0x0000023569667f90
Event: 58.161 Thread 0x0000023569668cb0 Thread exited: 0x0000023569668cb0
Event: 58.162 Thread 0x0000023567b038c0 Thread exited: 0x0000023567b038c0
Event: 58.162 Thread 0x0000023569668620 Thread exited: 0x0000023569668620
Event: 58.162 Thread 0x0000023567b17f20 Thread exited: 0x0000023567b17f20
Event: 58.162 Thread 0x0000023569666be0 Thread exited: 0x0000023569666be0
Event: 58.162 Thread 0x0000023569667270 Thread exited: 0x0000023569667270
Event: 58.162 Thread 0x0000023569667900 Thread exited: 0x0000023569667900
Event: 58.162 Thread 0x00000235696699d0 Thread exited: 0x00000235696699d0
Event: 58.162 Thread 0x00000235682ad7b0 Thread exited: 0x00000235682ad7b0
Event: 59.106 Thread 0x0000023567713520 Thread exited: 0x0000023567713520
Event: 61.330 Thread 0x0000023567b02510 Thread exited: 0x0000023567b02510
Event: 64.091 Thread 0x0000023568d49730 Thread exited: 0x0000023568d49730
Event: 68.985 Thread 0x0000023561a15c60 Thread added: 0x0000023568d49730
Event: 68.985 Thread 0x0000023561a15c60 Thread added: 0x0000023567711d40


Dynamic libraries:
0x00007ff707070000 - 0x00007ff70707e000 	c:\Users\Lenovo LOQ\.vscode\extensions\redhat.java-1.43.0-win32-x64\jre\21.0.7-win32-x86_64\bin\java.exe
0x00007ffebede0000 - 0x00007ffebf049000 	C:\WINDOWS\SYSTEM32\ntdll.dll
0x00007ffebd380000 - 0x00007ffebd449000 	C:\WINDOWS\System32\KERNEL32.DLL
0x00007ffebbf30000 - 0x00007ffebc31f000 	C:\WINDOWS\System32\KERNELBASE.dll
0x00007ffebc780000 - 0x00007ffebc8cb000 	C:\WINDOWS\System32\ucrtbase.dll
0x00007ffe9ecd0000 - 0x00007ffe9ece8000 	c:\Users\Lenovo LOQ\.vscode\extensions\redhat.java-1.43.0-win32-x64\jre\21.0.7-win32-x86_64\bin\jli.dll
0x00007ffea2c50000 - 0x00007ffea2c6e000 	c:\Users\Lenovo LOQ\.vscode\extensions\redhat.java-1.43.0-win32-x64\jre\21.0.7-win32-x86_64\bin\VCRUNTIME140.dll
0x00007ffebcf70000 - 0x00007ffebd13c000 	C:\WINDOWS\System32\USER32.dll
0x00007ffe93bc0000 - 0x00007ffe93e5a000 	C:\WINDOWS\WinSxS\amd64_microsoft.windows.common-controls_6595b64144ccf1df_6.0.26100.5651_none_3e0bb264e3315894\COMCTL32.dll
0x00007ffebbf00000 - 0x00007ffebbf27000 	C:\WINDOWS\System32\win32u.dll
0x00007ffebd2c0000 - 0x00007ffebd369000 	C:\WINDOWS\System32\msvcrt.dll
0x00007ffebcda0000 - 0x00007ffebcdcb000 	C:\WINDOWS\System32\GDI32.dll
0x00007ffebca20000 - 0x00007ffebcb58000 	C:\WINDOWS\System32\gdi32full.dll
0x00007ffebc970000 - 0x00007ffebca13000 	C:\WINDOWS\System32\msvcp_win.dll
0x00007ffebe470000 - 0x00007ffebe49f000 	C:\WINDOWS\System32\IMM32.DLL
0x00007ffe9ecc0000 - 0x00007ffe9eccc000 	c:\Users\Lenovo LOQ\.vscode\extensions\redhat.java-1.43.0-win32-x64\jre\21.0.7-win32-x86_64\bin\vcruntime140_1.dll
0x00007ffe62c80000 - 0x00007ffe62d0d000 	c:\Users\Lenovo LOQ\.vscode\extensions\redhat.java-1.43.0-win32-x64\jre\21.0.7-win32-x86_64\bin\msvcp140.dll
0x00007ffe05e40000 - 0x00007ffe06bd0000 	c:\Users\Lenovo LOQ\.vscode\extensions\redhat.java-1.43.0-win32-x64\jre\21.0.7-win32-x86_64\bin\server\jvm.dll
0x00007ffebd1f0000 - 0x00007ffebd2a4000 	C:\WINDOWS\System32\ADVAPI32.dll
0x00007ffebe350000 - 0x00007ffebe3f6000 	C:\WINDOWS\System32\sechost.dll
0x00007ffebce50000 - 0x00007ffebcf68000 	C:\WINDOWS\System32\RPCRT4.dll
0x00007ffebe9b0000 - 0x00007ffebea24000 	C:\WINDOWS\System32\WS2_32.dll
0x00007ffeb88c0000 - 0x00007ffeb88f5000 	C:\WINDOWS\SYSTEM32\WINMM.dll
0x00007ffeb0ca0000 - 0x00007ffeb0cab000 	C:\WINDOWS\SYSTEM32\VERSION.dll
0x00007ffebaac0000 - 0x00007ffebab1e000 	C:\WINDOWS\SYSTEM32\POWRPROF.dll
0x00007ffebaaa0000 - 0x00007ffebaab4000 	C:\WINDOWS\SYSTEM32\UMPDC.dll
0x00007ffebad80000 - 0x00007ffebad9b000 	C:\WINDOWS\SYSTEM32\kernel.appcore.dll
0x00007ffe9ecb0000 - 0x00007ffe9ecba000 	c:\Users\Lenovo LOQ\.vscode\extensions\redhat.java-1.43.0-win32-x64\jre\21.0.7-win32-x86_64\bin\jimage.dll
0x00007ffeb9410000 - 0x00007ffeb9652000 	C:\WINDOWS\SYSTEM32\DBGHELP.DLL
0x00007ffebdea0000 - 0x00007ffebe229000 	C:\WINDOWS\System32\combase.dll
0x00007ffebd650000 - 0x00007ffebd730000 	C:\WINDOWS\System32\OLEAUT32.dll
0x00007ffe9e730000 - 0x00007ffe9e773000 	C:\WINDOWS\SYSTEM32\dbgcore.DLL
0x00007ffebc8d0000 - 0x00007ffebc969000 	C:\WINDOWS\System32\bcryptPrimitives.dll
0x00007ffe9f6e0000 - 0x00007ffe9f6ef000 	c:\Users\Lenovo LOQ\.vscode\extensions\redhat.java-1.43.0-win32-x64\jre\21.0.7-win32-x86_64\bin\instrument.dll
0x00007ffe9a940000 - 0x00007ffe9a95f000 	c:\Users\Lenovo LOQ\.vscode\extensions\redhat.java-1.43.0-win32-x64\jre\21.0.7-win32-x86_64\bin\java.dll
0x00007ffebd740000 - 0x00007ffebde8e000 	C:\WINDOWS\System32\SHELL32.dll
0x00007ffebc570000 - 0x00007ffebc6e4000 	C:\WINDOWS\System32\wintypes.dll
0x00007ffeb9b10000 - 0x00007ffeba370000 	C:\WINDOWS\SYSTEM32\windows.storage.dll
0x00007ffebcb60000 - 0x00007ffebcc55000 	C:\WINDOWS\System32\SHCORE.dll
0x00007ffebe400000 - 0x00007ffebe469000 	C:\WINDOWS\System32\shlwapi.dll
0x00007ffebbe10000 - 0x00007ffebbe3f000 	C:\WINDOWS\SYSTEM32\profapi.dll
0x00007ffe72430000 - 0x00007ffe72448000 	c:\Users\Lenovo LOQ\.vscode\extensions\redhat.java-1.43.0-win32-x64\jre\21.0.7-win32-x86_64\bin\zip.dll
0x00007ffe9e960000 - 0x00007ffe9e970000 	C:\Users\Lenovo LOQ\.vscode\extensions\redhat.java-1.43.0-win32-x64\jre\21.0.7-win32-x86_64\bin\net.dll
0x00007ffeb0a50000 - 0x00007ffeb0b6e000 	C:\WINDOWS\SYSTEM32\WINHTTP.dll
0x00007ffebb2e0000 - 0x00007ffebb34b000 	C:\WINDOWS\system32\mswsock.dll
0x00007ffe96cc0000 - 0x00007ffe96cd6000 	C:\Users\Lenovo LOQ\.vscode\extensions\redhat.java-1.43.0-win32-x64\jre\21.0.7-win32-x86_64\bin\nio.dll
0x00007ffe96ba0000 - 0x00007ffe96bb0000 	c:\Users\Lenovo LOQ\.vscode\extensions\redhat.java-1.43.0-win32-x64\jre\21.0.7-win32-x86_64\bin\verify.dll
0x00007ffe1c6a0000 - 0x00007ffe1c6e5000 	C:\Users\Lenovo LOQ\AppData\Roaming\Code\User\globalStorage\redhat.java\1.43.0\config_win\org.eclipse.equinox.launcher\org.eclipse.equinox.launcher.win32.win32.x86_64_1.2.1300.v20250331-1702\eclipse_11911.dll
0x00007ffebd4a0000 - 0x00007ffebd63e000 	C:\WINDOWS\System32\ole32.dll
0x00007ffe9e950000 - 0x00007ffe9e95a000 	C:\Users\Lenovo LOQ\.vscode\extensions\redhat.java-1.43.0-win32-x64\jre\21.0.7-win32-x86_64\bin\management.dll
0x00007ffe970e0000 - 0x00007ffe970eb000 	C:\Users\Lenovo LOQ\.vscode\extensions\redhat.java-1.43.0-win32-x64\jre\21.0.7-win32-x86_64\bin\management_ext.dll
0x00007ffebd2b0000 - 0x00007ffebd2b8000 	C:\WINDOWS\System32\PSAPI.DLL
0x00007ffebb640000 - 0x00007ffebb65b000 	C:\WINDOWS\SYSTEM32\CRYPTSP.dll
0x00007ffebace0000 - 0x00007ffebad1a000 	C:\WINDOWS\system32\rsaenh.dll
0x00007ffebb380000 - 0x00007ffebb3ab000 	C:\WINDOWS\SYSTEM32\USERENV.dll
0x00007ffebbde0000 - 0x00007ffebbe06000 	C:\WINDOWS\SYSTEM32\bcrypt.dll
0x00007ffebb520000 - 0x00007ffebb52c000 	C:\WINDOWS\SYSTEM32\CRYPTBASE.dll
0x00007ffeba6e0000 - 0x00007ffeba714000 	C:\WINDOWS\SYSTEM32\IPHLPAPI.DLL
0x00007ffebec20000 - 0x00007ffebec2a000 	C:\WINDOWS\System32\NSI.dll
0x00007ffe6a040000 - 0x00007ffe6a089000 	C:\Users\Lenovo LOQ\AppData\Local\Temp\jna-1726617313\jna400733994260260168.dll
0x00007ffeb0cb0000 - 0x00007ffeb0ccf000 	C:\WINDOWS\SYSTEM32\dhcpcsvc6.DLL
0x00007ffeb0070000 - 0x00007ffeb0095000 	C:\WINDOWS\SYSTEM32\dhcpcsvc.DLL
0x00007ffe96cb0000 - 0x00007ffe96cbe000 	C:\Users\Lenovo LOQ\.vscode\extensions\redhat.java-1.43.0-win32-x64\jre\21.0.7-win32-x86_64\bin\sunmscapi.dll
0x00007ffebc3f0000 - 0x00007ffebc567000 	C:\WINDOWS\System32\CRYPT32.dll
0x00007ffebb790000 - 0x00007ffebb7c0000 	C:\WINDOWS\SYSTEM32\ncrypt.dll
0x00007ffebb740000 - 0x00007ffebb77f000 	C:\WINDOWS\SYSTEM32\NTASN1.dll
0x00007ffeba770000 - 0x00007ffeba896000 	C:\WINDOWS\SYSTEM32\DNSAPI.dll
0x00007ffeb7430000 - 0x00007ffeb743b000 	C:\Windows\System32\rasadhlp.dll
0x00007ffeaf1b0000 - 0x00007ffeaf236000 	C:\WINDOWS\System32\fwpuclnt.dll
0x00007ffe96ca0000 - 0x00007ffe96ca9000 	C:\Users\Lenovo LOQ\.vscode\extensions\redhat.java-1.43.0-win32-x64\jre\21.0.7-win32-x86_64\bin\extnet.dll

dbghelp: loaded successfully - version: 4.0.5 - missing functions: none
symbol engine: initialized successfully - sym options: 0x614 - pdb path: .;c:\Users\Lenovo LOQ\.vscode\extensions\redhat.java-1.43.0-win32-x64\jre\21.0.7-win32-x86_64\bin;C:\WINDOWS\SYSTEM32;C:\WINDOWS\WinSxS\amd64_microsoft.windows.common-controls_6595b64144ccf1df_6.0.26100.5651_none_3e0bb264e3315894;c:\Users\Lenovo LOQ\.vscode\extensions\redhat.java-1.43.0-win32-x64\jre\21.0.7-win32-x86_64\bin\server;C:\Users\Lenovo LOQ\AppData\Roaming\Code\User\globalStorage\redhat.java\1.43.0\config_win\org.eclipse.equinox.launcher\org.eclipse.equinox.launcher.win32.win32.x86_64_1.2.1300.v20250331-1702;C:\Users\Lenovo LOQ\AppData\Local\Temp\jna-1726617313

VM Arguments:
jvm_args: --add-modules=ALL-SYSTEM --add-opens=java.base/java.util=ALL-UNNAMED --add-opens=java.base/java.lang=ALL-UNNAMED --add-opens=java.base/sun.nio.fs=ALL-UNNAMED -Declipse.application=org.eclipse.jdt.ls.core.id1 -Dosgi.bundles.defaultStartLevel=4 -Declipse.product=org.eclipse.jdt.ls.core.product -Djava.import.generatesMetadataFilesAtProjectRoot=false -DDetectVMInstallationsJob.disabled=true -Dfile.encoding=utf8 -XX:+UseParallelGC -XX:GCTimeRatio=4 -XX:AdaptiveSizePolicyWeight=90 -Dsun.zip.disableMemoryMapping=true -Xmx2G -Xms100m -Xlog:disable -javaagent:c:\Users\Lenovo LOQ\.vscode\extensions\redhat.java-1.43.0-win32-x64\lombok\lombok-1.18.39-4050.jar -XX:+HeapDumpOnOutOfMemoryError -XX:HeapDumpPath=c:\Users\Lenovo LOQ\AppData\Roaming\Code\User\workspaceStorage\8fe6355519fff23ece827eceb3ee8db0\redhat.java -Daether.dependencyCollector.impl=bf 
java_command: c:\Users\Lenovo LOQ\.vscode\extensions\redhat.java-1.43.0-win32-x64\server\plugins\org.eclipse.equinox.launcher_1.7.0.v20250519-0528.jar -configuration c:\Users\Lenovo LOQ\AppData\Roaming\Code\User\globalStorage\redhat.java\1.43.0\config_win -data c:\Users\Lenovo LOQ\AppData\Roaming\Code\User\workspaceStorage\8fe6355519fff23ece827eceb3ee8db0\redhat.java\jdt_ws --pipe=\\.\pipe\lsp-8511cdeafd4c1cd6e738fbe8fdfa24e5-sock
java_class_path (initial): c:\Users\Lenovo LOQ\.vscode\extensions\redhat.java-1.43.0-win32-x64\server\plugins\org.eclipse.equinox.launcher_1.7.0.v20250519-0528.jar
Launcher Type: SUN_STANDARD

[Global flags]
    uintx AdaptiveSizePolicyWeight                 = 90                                        {product} {command line}
     intx CICompilerCount                          = 4                                         {product} {ergonomic}
    uintx GCTimeRatio                              = 4                                         {product} {command line}
     bool HeapDumpOnOutOfMemoryError               = true                                   {manageable} {command line}
    ccstr HeapDumpPath                             = c:\Users\Lenovo LOQ\AppData\Roaming\Code\User\workspaceStorage\8fe6355519fff23ece827eceb3ee8db0\redhat.java         {manageable} {command line}
   size_t InitialHeapSize                          = 104857600                                 {product} {command line}
   size_t MaxHeapSize                              = 2147483648                                {product} {command line}
   size_t MaxNewSize                               = 715653120                                 {product} {ergonomic}
   size_t MinHeapDeltaBytes                        = 524288                                    {product} {ergonomic}
   size_t MinHeapSize                              = 104857600                                 {product} {command line}
   size_t NewSize                                  = 34603008                                  {product} {ergonomic}
    uintx NonNMethodCodeHeapSize                   = 5839372                                {pd product} {ergonomic}
    uintx NonProfiledCodeHeapSize                  = 122909434                              {pd product} {ergonomic}
   size_t OldSize                                  = 70254592                                  {product} {ergonomic}
    uintx ProfiledCodeHeapSize                     = 122909434                              {pd product} {ergonomic}
    uintx ReservedCodeCacheSize                    = 251658240                              {pd product} {ergonomic}
     bool SegmentedCodeCache                       = true                                      {product} {ergonomic}
   size_t SoftMaxHeapSize                          = 2147483648                             {manageable} {ergonomic}
     bool UseCompressedOops                        = true                           {product lp64_product} {ergonomic}
     bool UseLargePagesIndividualAllocation        = false                                  {pd product} {ergonomic}
     bool UseParallelGC                            = true                                      {product} {command line}

Logging:
Log output configuration:
 #0: stdout all=off uptime,level,tags foldmultilines=false
 #1: stderr all=off uptime,level,tags foldmultilines=false

Environment Variables:
PATH=C:\Users\Lenovo LOQ\AppData\Local\cloud-code\installer\google-cloud-sdk\bin;C:\Program Files (x86)\Microsoft SDKs\Azure\CLI2\wbin;C:\Ruby33-x64\bin;C:\Program Files (x86)\Common Files\Oracle\Java\java8path;C:\Program Files (x86)\Common Files\Oracle\Java\javapath;C:\WINDOWS\system32;C:\WINDOWS;C:\WINDOWS\System32\Wbem;C:\WINDOWS\System32\WindowsPowerShell\v1.0\;C:\WINDOWS\System32\OpenSSH\;C:\Program Files (x86)\NVIDIA Corporation\PhysX\Common;C:\Program Files\NVIDIA Corporation\NVIDIA NvDLISR;C:\Program Files\Microsoft SQL Server\150\Tools\Binn\;C:\Program Files\AzureConnectedMachineAgent\;C:\Program Files\dotnet\;C:\Program Files\nodejs\;C:\Program Files\Microsoft SQL Server\Client SDK\ODBC\170\Tools\Binn\;C:\Program Files (x86)\Windows Kits\10\Windows Performance Toolkit\;C:\Program Files\Git\cmd;C:\ProgramData\chocolatey\bin;C:\Users\Lenovo LOQ\AppData\Local\Programs\Eclipse Adoptium\jdk-21.0.6.7-hotspot\bin;C:\Users\Lenovo LOQ\AppData\Local\Programs\Eclipse Adoptium\jdk-21.0.5.11-hotspot\bin;C:\Users\Lenovo LOQ\AppData\Local\Programs\Quarto\bin;C:\Users\Lenovo LOQ\AppData\Local\Microsoft\WindowsApps;C:\Users\Lenovo LOQ\AppData\Local\Programs\Microsoft VS Code\bin;C:\Users\Lenovo LOQ\AppData\Local\GitHubDesktop\bin;C:\Users\Lenovo LOQ\AppData\Local\Microsoft\WinGet\Packages\Schniz.fnm_Microsoft.Winget.Source_8wekyb3d8bbwe;C:\Users\Lenovo LOQ\AppData\Local\Programs\Azure Dev CLI\;C:\Users\Lenovo LOQ\.dotnet\tools;C:\Users\Lenovo LOQ\AppData\Roaming\npm;C:\Users\Lenovo LOQ\AppData\Local\Pandoc\;C:\Users\Lenovo LOQ\AppData\Local\Programs\Azure Data Studio\bin
USERNAME=Lenovo LOQ
OS=Windows_NT
PROCESSOR_IDENTIFIER=Intel64 Family 6 Model 151 Stepping 2, GenuineIntel
TMP=C:\Users\LENOVO~1\AppData\Local\Temp
TEMP=C:\Users\LENOVO~1\AppData\Local\Temp




Periodic native trim disabled

---------------  S Y S T E M  ---------------

OS:
 Windows 11 , 64 bit Build 26100 (10.0.26100.5670)
OS uptime: 5 days 20:52 hours
Hyper-V role detected

CPU: total 12 (initial active 12) (6 cores per cpu, 2 threads per core) family 6 model 151 stepping 2 microcode 0x3a, cx8, cmov, fxsr, ht, mmx, 3dnowpref, sse, sse2, sse3, ssse3, sse4.1, sse4.2, popcnt, lzcnt, tsc, tscinvbit, avx, avx2, aes, erms, clmul, bmi1, bmi2, adx, sha, fma, vzeroupper, clflush, clflushopt, clwb, hv, serialize, rdtscp, rdpid, fsrm, f16c, cet_ibt, cet_ss
Processor Information for processor 0
  Max Mhz: 2400, Current Mhz: 2400, Mhz Limit: 2400
Processor Information for processor 1
  Max Mhz: 2400, Current Mhz: 2400, Mhz Limit: 2400
Processor Information for processor 2
  Max Mhz: 2400, Current Mhz: 2400, Mhz Limit: 2400
Processor Information for processor 3
  Max Mhz: 2400, Current Mhz: 2400, Mhz Limit: 2400
Processor Information for processor 4
  Max Mhz: 2400, Current Mhz: 2400, Mhz Limit: 2400
Processor Information for processor 5
  Max Mhz: 2400, Current Mhz: 2400, Mhz Limit: 2400
Processor Information for processor 6
  Max Mhz: 2400, Current Mhz: 2400, Mhz Limit: 2400
Processor Information for processor 7
  Max Mhz: 2400, Current Mhz: 2400, Mhz Limit: 2400
Processor Information for processor 8
  Max Mhz: 2400, Current Mhz: 1466, Mhz Limit: 2400
Processor Information for processor 9
  Max Mhz: 2400, Current Mhz: 2400, Mhz Limit: 2400
Processor Information for processor 10
  Max Mhz: 2400, Current Mhz: 1466, Mhz Limit: 2400
Processor Information for processor 11
  Max Mhz: 2400, Current Mhz: 2400, Mhz Limit: 2400

Memory: 4k page, system-wide physical 16091M (1343M free)
TotalPageFile size 30939M (AvailPageFile size 41M)
current process WorkingSet (physical memory assigned to process): 213M, peak: 246M
current process commit charge ("private bytes"): 331M, peak: 360M

vm_info: OpenJDK 64-Bit Server VM (21.0.7+6-LTS) for windows-amd64 JRE (21.0.7+6-LTS), built on 2025-04-15T00:00:00Z by "admin" with MS VC++ 17.7 (VS2022)

END.
