#
# There is insufficient memory for the Java Runtime Environment to continue.
# Native memory allocation (malloc) failed to allocate 1048576 bytes. Error detail: AllocateHeap
# Possible reasons:
#   The system is out of physical RAM or swap space
#   This process is running with CompressedOops enabled, and the Java Heap may be blocking the growth of the native heap
# Possible solutions:
#   Reduce memory load on the system
#   Increase physical memory or swap space
#   Check if swap backing store is full
#   Decrease Java heap size (-Xmx/-Xms)
#   Decrease number of Java threads
#   Decrease Java thread stack sizes (-Xss)
#   Set larger code cache with -XX:ReservedCodeCacheSize=
#   JVM is running with Unscaled Compressed Oops mode in which the Java heap is
#     placed in the first 4GB address space. The Java Heap base address is the
#     maximum limit for the native heap growth. Please use -XX:HeapBaseMinAddress
#     to set the Java Heap base and to place the Java Heap above 4GB virtual address.
# This output file may be truncated or incomplete.
#
#  Out of Memory Error (allocation.cpp:44), pid=12000, tid=25180
#
# JRE version:  (21.0.7+6) (build )
# Java VM: OpenJDK 64-Bit Server VM (21.0.7+6-LTS, mixed mode, sharing, tiered, compressed oops, compressed class ptrs, parallel gc, windows-amd64)
# No core dump will be written. Minidumps are not enabled by default on client versions of Windows
#

---------------  S U M M A R Y ------------

Command Line: --add-modules=ALL-SYSTEM --add-opens=java.base/java.util=ALL-UNNAMED --add-opens=java.base/java.lang=ALL-UNNAMED --add-opens=java.base/sun.nio.fs=ALL-UNNAMED -Declipse.application=org.eclipse.jdt.ls.core.id1 -Dosgi.bundles.defaultStartLevel=4 -Declipse.product=org.eclipse.jdt.ls.core.product -Djava.import.generatesMetadataFilesAtProjectRoot=false -DDetectVMInstallationsJob.disabled=true -Dfile.encoding=utf8 -XX:+UseParallelGC -XX:GCTimeRatio=4 -XX:AdaptiveSizePolicyWeight=90 -Dsun.zip.disableMemoryMapping=true -Xmx2G -Xms100m -Xlog:disable -javaagent:c:\Users\Lenovo LOQ\.vscode\extensions\redhat.java-1.43.0-win32-x64\lombok\lombok-1.18.39-4050.jar -XX:+HeapDumpOnOutOfMemoryError -XX:HeapDumpPath=c:\Users\Lenovo LOQ\AppData\Roaming\Code\User\workspaceStorage\8fe6355519fff23ece827eceb3ee8db0\redhat.java -Daether.dependencyCollector.impl=bf c:\Users\Lenovo LOQ\.vscode\extensions\redhat.java-1.43.0-win32-x64\server\plugins\org.eclipse.equinox.launcher_1.7.0.v20250519-0528.jar -configuration c:\Users\Lenovo LOQ\AppData\Roaming\Code\User\globalStorage\redhat.java\1.43.0\config_win -data c:\Users\Lenovo LOQ\AppData\Roaming\Code\User\workspaceStorage\8fe6355519fff23ece827eceb3ee8db0\redhat.java\jdt_ws --pipe=\\.\pipe\lsp-71e28b6aea250f8f4be32afa8e7f1ace-sock

Host: 12th Gen Intel(R) Core(TM) i5-12450HX, 12 cores, 15G,  Windows 11 , 64 bit Build 26100 (10.0.26100.5670)
Time: Sat Jul  5 01:46:22 2025 Türkiye Standart Saati elapsed time: 1.620732 seconds (0d 0h 0m 1s)

---------------  T H R E A D  ---------------

Current thread (0x00000247e8e20df0):  JavaThread "Unknown thread" [_thread_in_vm, id=25180, stack(0x00000066f2200000,0x00000066f2300000) (1024K)]

Stack: [0x00000066f2200000,0x00000066f2300000]
Native frames: (J=compiled Java code, j=interpreted, Vv=VM code, C=native code)
V  [jvm.dll+0x6ce119]
V  [jvm.dll+0x8a84a1]
V  [jvm.dll+0x8aa9ce]
V  [jvm.dll+0x8ab0b3]
V  [jvm.dll+0x27f8a6]
V  [jvm.dll+0xbfba7]
V  [jvm.dll+0x702260]
V  [jvm.dll+0x702dcc]
V  [jvm.dll+0x6dcc63]
V  [jvm.dll+0x871dbc]
V  [jvm.dll+0x3bc47c]
V  [jvm.dll+0x85a848]
V  [jvm.dll+0x45080e]
V  [jvm.dll+0x452451]
C  [jli.dll+0x5278]
C  [ucrtbase.dll+0x37b0]
C  [KERNEL32.DLL+0x2e8d7]
C  [ntdll.dll+0x128dc]


---------------  P R O C E S S  ---------------

Threads class SMR info:
_java_thread_list=0x00000247e8e49c30, length=1, elements={
0x00000247e8e20df0
}

Java Threads: ( => current thread )
=>0x00000247e8e20df0 JavaThread "Unknown thread"             [_thread_in_vm, id=25180, stack(0x00000066f2200000,0x00000066f2300000) (1024K)]
Total: 1

Other Threads:
  0x00000247e8e90b80 WatcherThread "VM Periodic Task Thread"        [id=3228, stack(0x00000066f2400000,0x00000066f2500000) (1024K)]
  0x00000247e8e40570 WorkerThread "GC Thread#0"                     [id=14612, stack(0x00000066f2300000,0x00000066f2400000) (1024K)]
Total: 2

Threads with active compile tasks:
Total: 0

VM state: not at safepoint (normal execution)

VM Mutex/Monitor currently owned by a thread: None

Heap address: 0x0000000080000000, size: 2048 MB, Compressed Oops mode: 32-bit

CDS archive(s) mapped at: [0x0000024780000000-0x0000024780ba0000-0x0000024780ba0000), size 12189696, SharedBaseAddress: 0x0000024780000000, ArchiveRelocationMode: 1.
Compressed class space mapped at: 0x0000024781000000-0x00000247c1000000, reserved size: 1073741824
Narrow klass base: 0x0000024780000000, Narrow klass shift: 0, Narrow klass range: 0x100000000

GC Precious Log:
 CardTable entry size: 512
 CPUs: 12 total, 12 available
 Memory: 16091M
 Large Page Support: Disabled
 NUMA Support: Disabled
 Compressed Oops: Enabled (32-bit)
 Alignments: Space 512K, Generation 512K, Heap 2M
 Heap Min Capacity: 100M
 Heap Initial Capacity: 100M
 Heap Max Capacity: 2G
 Pre-touch: Disabled
 Parallel Workers: 10

Heap:
 PSYoungGen      total 29696K, used 512K [0x00000000d5580000, 0x00000000d7680000, 0x0000000100000000)
  eden space 25600K, 2% used [0x00000000d5580000,0x00000000d5600020,0x00000000d6e80000)
  from space 4096K, 0% used [0x00000000d7280000,0x00000000d7280000,0x00000000d7680000)
  to   space 4096K, 0% used [0x00000000d6e80000,0x00000000d6e80000,0x00000000d7280000)
 ParOldGen       total 68608K, used 0K [0x0000000080000000, 0x0000000084300000, 0x00000000d5580000)
  object space 68608K, 0% used [0x0000000080000000,0x0000000080000000,0x0000000084300000)
 Metaspace       used 0K, committed 0K, reserved 1048576K
  class space    used 0K, committed 0K, reserved 1048576K

Card table byte_map: [0x00000247e87c0000,0x00000247e8bd0000] _byte_map_base: 0x00000247e83c0000

Marking Bits: (ParMarkBitMap*) 0x00007ffe06af31f0
 Begin Bits: [0x00000247fb2c0000, 0x00000247fd2c0000)
 End Bits:   [0x00000247fd2c0000, 0x00000247ff2c0000)

Polling page: 0x00000247e6c90000

Metaspace:

Usage:
  Non-class:      0 bytes used.
      Class:      0 bytes used.
       Both:      0 bytes used.

Virtual space:
  Non-class space:        0 bytes reserved,       0 bytes (  ?%) committed,  0 nodes.
      Class space:        1.00 GB reserved,       0 bytes (  0%) committed,  1 nodes.
             Both:        1.00 GB reserved,       0 bytes (  0%) committed. 

Chunk freelists:
   Non-Class:  0 bytes
       Class:  16.00 MB
        Both:  16.00 MB

MaxMetaspaceSize: unlimited
CompressedClassSpaceSize: 1.00 GB
Initial GC threshold: 21.00 MB
Current GC threshold: 17179869184.00 GB
CDS: on
 - commit_granule_bytes: 65536.
 - commit_granule_words: 8192.
 - virtual_space_node_default_size: 8388608.
 - enlarge_chunks_in_place: 1.
 - use_allocation_guard: 0.


Internal statistics:

num_allocs_failed_limit: 0.
num_arena_births: 0.
num_arena_deaths: 0.
num_vsnodes_births: 1.
num_vsnodes_deaths: 0.
num_space_committed: 0.
num_space_uncommitted: 0.
num_chunks_returned_to_freelist: 0.
num_chunks_taken_from_freelist: 1.
num_chunk_merges: 0.
num_chunk_splits: 1.
num_chunks_enlarged: 0.
num_inconsistent_stats: 0.

CodeHeap 'non-profiled nmethods': size=120000Kb used=0Kb max_used=0Kb free=120000Kb
 bounds [0x00000247f3ae0000, 0x00000247f3d50000, 0x00000247fb010000]
CodeHeap 'profiled nmethods': size=120000Kb used=0Kb max_used=0Kb free=120000Kb
 bounds [0x00000247ec010000, 0x00000247ec280000, 0x00000247f3540000]
CodeHeap 'non-nmethods': size=5760Kb used=194Kb max_used=342Kb free=5565Kb
 bounds [0x00000247f3540000, 0x00000247f37b0000, 0x00000247f3ae0000]
 total_blobs=70 nmethods=0 adapters=48
 compilation: enabled
              stopped_count=0, restarted_count=0
 full_count=0

Compilation events (0 events):
No events

GC Heap History (0 events):
No events

Dll operation events (1 events):
Event: 0.018 Loaded shared library c:\Users\Lenovo LOQ\.vscode\extensions\redhat.java-1.43.0-win32-x64\jre\21.0.7-win32-x86_64\bin\java.dll

Deoptimization events (0 events):
No events

Classes loaded (0 events):
No events

Classes unloaded (0 events):
No events

Classes redefined (0 events):
No events

Internal exceptions (0 events):
No events

ZGC Phase Switch (0 events):
No events

VM Operations (0 events):
No events

Memory protections (0 events):
No events

Nmethod flushes (0 events):
No events

Events (1 events):
Event: 0.497 Thread 0x00000247e8e20df0 Thread added: 0x00000247e8e20df0


Dynamic libraries:
0x00007ff707070000 - 0x00007ff70707e000 	c:\Users\Lenovo LOQ\.vscode\extensions\redhat.java-1.43.0-win32-x64\jre\21.0.7-win32-x86_64\bin\java.exe
0x00007ffebede0000 - 0x00007ffebf049000 	C:\WINDOWS\SYSTEM32\ntdll.dll
0x00007ffebd380000 - 0x00007ffebd449000 	C:\WINDOWS\System32\KERNEL32.DLL
0x00007ffebbf30000 - 0x00007ffebc31f000 	C:\WINDOWS\System32\KERNELBASE.dll
0x00007ffebc780000 - 0x00007ffebc8cb000 	C:\WINDOWS\System32\ucrtbase.dll
0x00007ffe9ecd0000 - 0x00007ffe9ece8000 	c:\Users\Lenovo LOQ\.vscode\extensions\redhat.java-1.43.0-win32-x64\jre\21.0.7-win32-x86_64\bin\jli.dll
0x00007ffebcf70000 - 0x00007ffebd13c000 	C:\WINDOWS\System32\USER32.dll
0x00007ffebbf00000 - 0x00007ffebbf27000 	C:\WINDOWS\System32\win32u.dll
0x00007ffebcda0000 - 0x00007ffebcdcb000 	C:\WINDOWS\System32\GDI32.dll
0x00007ffebca20000 - 0x00007ffebcb58000 	C:\WINDOWS\System32\gdi32full.dll
0x00007ffebc970000 - 0x00007ffebca13000 	C:\WINDOWS\System32\msvcp_win.dll
0x00007ffea2c50000 - 0x00007ffea2c6e000 	c:\Users\Lenovo LOQ\.vscode\extensions\redhat.java-1.43.0-win32-x64\jre\21.0.7-win32-x86_64\bin\VCRUNTIME140.dll
0x00007ffe93bc0000 - 0x00007ffe93e5a000 	C:\WINDOWS\WinSxS\amd64_microsoft.windows.common-controls_6595b64144ccf1df_6.0.26100.5651_none_3e0bb264e3315894\COMCTL32.dll
0x00007ffebd2c0000 - 0x00007ffebd369000 	C:\WINDOWS\System32\msvcrt.dll
0x00007ffebe470000 - 0x00007ffebe49f000 	C:\WINDOWS\System32\IMM32.DLL
0x00007ffe9ecc0000 - 0x00007ffe9eccc000 	c:\Users\Lenovo LOQ\.vscode\extensions\redhat.java-1.43.0-win32-x64\jre\21.0.7-win32-x86_64\bin\vcruntime140_1.dll
0x00007ffe62c80000 - 0x00007ffe62d0d000 	c:\Users\Lenovo LOQ\.vscode\extensions\redhat.java-1.43.0-win32-x64\jre\21.0.7-win32-x86_64\bin\msvcp140.dll
0x00007ffe05e40000 - 0x00007ffe06bd0000 	c:\Users\Lenovo LOQ\.vscode\extensions\redhat.java-1.43.0-win32-x64\jre\21.0.7-win32-x86_64\bin\server\jvm.dll
0x00007ffebd1f0000 - 0x00007ffebd2a4000 	C:\WINDOWS\System32\ADVAPI32.dll
0x00007ffebe350000 - 0x00007ffebe3f6000 	C:\WINDOWS\System32\sechost.dll
0x00007ffebce50000 - 0x00007ffebcf68000 	C:\WINDOWS\System32\RPCRT4.dll
0x00007ffebe9b0000 - 0x00007ffebea24000 	C:\WINDOWS\System32\WS2_32.dll
0x00007ffebaac0000 - 0x00007ffebab1e000 	C:\WINDOWS\SYSTEM32\POWRPROF.dll
0x00007ffeb88c0000 - 0x00007ffeb88f5000 	C:\WINDOWS\SYSTEM32\WINMM.dll
0x00007ffeb0ca0000 - 0x00007ffeb0cab000 	C:\WINDOWS\SYSTEM32\VERSION.dll
0x00007ffebaaa0000 - 0x00007ffebaab4000 	C:\WINDOWS\SYSTEM32\UMPDC.dll
0x00007ffebad80000 - 0x00007ffebad9b000 	C:\WINDOWS\SYSTEM32\kernel.appcore.dll
0x00007ffe9ecb0000 - 0x00007ffe9ecba000 	c:\Users\Lenovo LOQ\.vscode\extensions\redhat.java-1.43.0-win32-x64\jre\21.0.7-win32-x86_64\bin\jimage.dll
0x00007ffeb9410000 - 0x00007ffeb9652000 	C:\WINDOWS\SYSTEM32\DBGHELP.DLL
0x00007ffebdea0000 - 0x00007ffebe229000 	C:\WINDOWS\System32\combase.dll
0x00007ffebd650000 - 0x00007ffebd730000 	C:\WINDOWS\System32\OLEAUT32.dll
0x00007ffe9e730000 - 0x00007ffe9e773000 	C:\WINDOWS\SYSTEM32\dbgcore.DLL
0x00007ffebc8d0000 - 0x00007ffebc969000 	C:\WINDOWS\System32\bcryptPrimitives.dll
0x00007ffeb02d0000 - 0x00007ffeb02df000 	c:\Users\Lenovo LOQ\.vscode\extensions\redhat.java-1.43.0-win32-x64\jre\21.0.7-win32-x86_64\bin\instrument.dll
0x00007ffe9a940000 - 0x00007ffe9a95f000 	c:\Users\Lenovo LOQ\.vscode\extensions\redhat.java-1.43.0-win32-x64\jre\21.0.7-win32-x86_64\bin\java.dll

dbghelp: loaded successfully - version: 4.0.5 - missing functions: none
symbol engine: initialized successfully - sym options: 0x614 - pdb path: .;c:\Users\Lenovo LOQ\.vscode\extensions\redhat.java-1.43.0-win32-x64\jre\21.0.7-win32-x86_64\bin;C:\WINDOWS\SYSTEM32;C:\WINDOWS\WinSxS\amd64_microsoft.windows.common-controls_6595b64144ccf1df_6.0.26100.5651_none_3e0bb264e3315894;c:\Users\Lenovo LOQ\.vscode\extensions\redhat.java-1.43.0-win32-x64\jre\21.0.7-win32-x86_64\bin\server

VM Arguments:
jvm_args: --add-modules=ALL-SYSTEM --add-opens=java.base/java.util=ALL-UNNAMED --add-opens=java.base/java.lang=ALL-UNNAMED --add-opens=java.base/sun.nio.fs=ALL-UNNAMED -Declipse.application=org.eclipse.jdt.ls.core.id1 -Dosgi.bundles.defaultStartLevel=4 -Declipse.product=org.eclipse.jdt.ls.core.product -Djava.import.generatesMetadataFilesAtProjectRoot=false -DDetectVMInstallationsJob.disabled=true -Dfile.encoding=utf8 -XX:+UseParallelGC -XX:GCTimeRatio=4 -XX:AdaptiveSizePolicyWeight=90 -Dsun.zip.disableMemoryMapping=true -Xmx2G -Xms100m -Xlog:disable -javaagent:c:\Users\Lenovo LOQ\.vscode\extensions\redhat.java-1.43.0-win32-x64\lombok\lombok-1.18.39-4050.jar -XX:+HeapDumpOnOutOfMemoryError -XX:HeapDumpPath=c:\Users\Lenovo LOQ\AppData\Roaming\Code\User\workspaceStorage\8fe6355519fff23ece827eceb3ee8db0\redhat.java -Daether.dependencyCollector.impl=bf 
java_command: c:\Users\Lenovo LOQ\.vscode\extensions\redhat.java-1.43.0-win32-x64\server\plugins\org.eclipse.equinox.launcher_1.7.0.v20250519-0528.jar -configuration c:\Users\Lenovo LOQ\AppData\Roaming\Code\User\globalStorage\redhat.java\1.43.0\config_win -data c:\Users\Lenovo LOQ\AppData\Roaming\Code\User\workspaceStorage\8fe6355519fff23ece827eceb3ee8db0\redhat.java\jdt_ws --pipe=\\.\pipe\lsp-71e28b6aea250f8f4be32afa8e7f1ace-sock
java_class_path (initial): c:\Users\Lenovo LOQ\.vscode\extensions\redhat.java-1.43.0-win32-x64\server\plugins\org.eclipse.equinox.launcher_1.7.0.v20250519-0528.jar
Launcher Type: SUN_STANDARD

[Global flags]
    uintx AdaptiveSizePolicyWeight                 = 90                                        {product} {command line}
     intx CICompilerCount                          = 4                                         {product} {ergonomic}
    uintx GCTimeRatio                              = 4                                         {product} {command line}
     bool HeapDumpOnOutOfMemoryError               = true                                   {manageable} {command line}
    ccstr HeapDumpPath                             = c:\Users\Lenovo LOQ\AppData\Roaming\Code\User\workspaceStorage\8fe6355519fff23ece827eceb3ee8db0\redhat.java         {manageable} {command line}
   size_t InitialHeapSize                          = 104857600                                 {product} {command line}
   size_t MaxHeapSize                              = 2147483648                                {product} {command line}
   size_t MaxNewSize                               = 715653120                                 {product} {ergonomic}
   size_t MinHeapDeltaBytes                        = 524288                                    {product} {ergonomic}
   size_t MinHeapSize                              = 104857600                                 {product} {command line}
   size_t NewSize                                  = 34603008                                  {product} {ergonomic}
    uintx NonNMethodCodeHeapSize                   = 5839372                                {pd product} {ergonomic}
    uintx NonProfiledCodeHeapSize                  = 122909434                              {pd product} {ergonomic}
   size_t OldSize                                  = 70254592                                  {product} {ergonomic}
    uintx ProfiledCodeHeapSize                     = 122909434                              {pd product} {ergonomic}
    uintx ReservedCodeCacheSize                    = 251658240                              {pd product} {ergonomic}
     bool SegmentedCodeCache                       = true                                      {product} {ergonomic}
   size_t SoftMaxHeapSize                          = 2147483648                             {manageable} {ergonomic}
     bool UseCompressedOops                        = true                           {product lp64_product} {ergonomic}
     bool UseLargePagesIndividualAllocation        = false                                  {pd product} {ergonomic}
     bool UseParallelGC                            = true                                      {product} {command line}

Logging:
Log output configuration:
 #0: stdout all=off uptime,level,tags foldmultilines=false
 #1: stderr all=off uptime,level,tags foldmultilines=false

Environment Variables:
PATH=C:\Users\Lenovo LOQ\AppData\Local\cloud-code\installer\google-cloud-sdk\bin;C:\Program Files (x86)\Microsoft SDKs\Azure\CLI2\wbin;C:\Ruby33-x64\bin;C:\Program Files (x86)\Common Files\Oracle\Java\java8path;C:\Program Files (x86)\Common Files\Oracle\Java\javapath;C:\WINDOWS\system32;C:\WINDOWS;C:\WINDOWS\System32\Wbem;C:\WINDOWS\System32\WindowsPowerShell\v1.0\;C:\WINDOWS\System32\OpenSSH\;C:\Program Files (x86)\NVIDIA Corporation\PhysX\Common;C:\Program Files\NVIDIA Corporation\NVIDIA NvDLISR;C:\Program Files\Microsoft SQL Server\150\Tools\Binn\;C:\Program Files\AzureConnectedMachineAgent\;C:\Program Files\dotnet\;C:\Program Files\nodejs\;C:\Program Files\Microsoft SQL Server\Client SDK\ODBC\170\Tools\Binn\;C:\Program Files (x86)\Windows Kits\10\Windows Performance Toolkit\;C:\Program Files\Git\cmd;C:\ProgramData\chocolatey\bin;C:\Users\Lenovo LOQ\AppData\Local\Programs\Eclipse Adoptium\jdk-21.0.6.7-hotspot\bin;C:\Users\Lenovo LOQ\AppData\Local\Programs\Eclipse Adoptium\jdk-21.0.5.11-hotspot\bin;C:\Users\Lenovo LOQ\AppData\Local\Programs\Quarto\bin;C:\Users\Lenovo LOQ\AppData\Local\Microsoft\WindowsApps;C:\Users\Lenovo LOQ\AppData\Local\Programs\Microsoft VS Code\bin;C:\Users\Lenovo LOQ\AppData\Local\GitHubDesktop\bin;C:\Users\Lenovo LOQ\AppData\Local\Microsoft\WinGet\Packages\Schniz.fnm_Microsoft.Winget.Source_8wekyb3d8bbwe;C:\Users\Lenovo LOQ\AppData\Local\Programs\Azure Dev CLI\;C:\Users\Lenovo LOQ\.dotnet\tools;C:\Users\Lenovo LOQ\AppData\Roaming\npm;C:\Users\Lenovo LOQ\AppData\Local\Pandoc\;C:\Users\Lenovo LOQ\AppData\Local\Programs\Azure Data Studio\bin
USERNAME=Lenovo LOQ
OS=Windows_NT
PROCESSOR_IDENTIFIER=Intel64 Family 6 Model 151 Stepping 2, GenuineIntel
TMP=C:\Users\LENOVO~1\AppData\Local\Temp
TEMP=C:\Users\LENOVO~1\AppData\Local\Temp




Periodic native trim disabled

---------------  S Y S T E M  ---------------

OS:
 Windows 11 , 64 bit Build 26100 (10.0.26100.5670)
OS uptime: 5 days 20:52 hours
Hyper-V role detected

CPU: total 12 (initial active 12) (6 cores per cpu, 2 threads per core) family 6 model 151 stepping 2 microcode 0x3a, cx8, cmov, fxsr, ht, mmx, 3dnowpref, sse, sse2, sse3, ssse3, sse4.1, sse4.2, popcnt, lzcnt, tsc, tscinvbit, avx, avx2, aes, erms, clmul, bmi1, bmi2, adx, sha, fma, vzeroupper, clflush, clflushopt, clwb, hv, serialize, rdtscp, rdpid, fsrm, f16c, cet_ibt, cet_ss
Processor Information for processor 0
  Max Mhz: 2400, Current Mhz: 2400, Mhz Limit: 2400
Processor Information for processor 1
  Max Mhz: 2400, Current Mhz: 2400, Mhz Limit: 2400
Processor Information for processor 2
  Max Mhz: 2400, Current Mhz: 2400, Mhz Limit: 2400
Processor Information for processor 3
  Max Mhz: 2400, Current Mhz: 2400, Mhz Limit: 2400
Processor Information for processor 4
  Max Mhz: 2400, Current Mhz: 2400, Mhz Limit: 2400
Processor Information for processor 5
  Max Mhz: 2400, Current Mhz: 2400, Mhz Limit: 2400
Processor Information for processor 6
  Max Mhz: 2400, Current Mhz: 2400, Mhz Limit: 2400
Processor Information for processor 7
  Max Mhz: 2400, Current Mhz: 2400, Mhz Limit: 2400
Processor Information for processor 8
  Max Mhz: 2400, Current Mhz: 2400, Mhz Limit: 2400
Processor Information for processor 9
  Max Mhz: 2400, Current Mhz: 1466, Mhz Limit: 2400
Processor Information for processor 10
  Max Mhz: 2400, Current Mhz: 1466, Mhz Limit: 2400
Processor Information for processor 11
  Max Mhz: 2400, Current Mhz: 2400, Mhz Limit: 2400

Memory: 4k page, system-wide physical 16091M (1182M free)
TotalPageFile size 30939M (AvailPageFile size 55M)
current process WorkingSet (physical memory assigned to process): 26M, peak: 26M
current process commit charge ("private bytes"): 198M, peak: 199M

vm_info: OpenJDK 64-Bit Server VM (21.0.7+6-LTS) for windows-amd64 JRE (21.0.7+6-LTS), built on 2025-04-15T00:00:00Z by "admin" with MS VC++ 17.7 (VS2022)

END.
